MemTotal:        8043496 kB
MemFree:         4090816 kB
MemAvailable:    5792668 kB
Buffers:           88952 kB
Cached:          1568988 kB
SwapCached:        78180 kB
Active:          1377232 kB
Inactive:        1666500 kB
Active(anon):     907164 kB
Inactive(anon):   594720 kB
Active(file):     470068 kB
Inactive(file):  1071780 kB
Unevictable:       57084 kB
Mlocked:              80 kB
SwapTotal:       4194300 kB
SwapFree:        3625684 kB
Zswap:                 0 kB
Zswapped:              0 kB
Dirty:              1432 kB
Writeback:             0 kB
AnonPages:       1431388 kB
Mapped:           161680 kB
Shmem:            116092 kB
KReclaimable:     468440 kB
Slab:             642188 kB
SReclaimable:     468440 kB
SUnreclaim:       173748 kB
KernelStack:        9568 kB
PageTables:        23948 kB
SecPageTables:         0 kB
NFS_Unstable:          0 kB
Bounce:                0 kB
WritebackTmp:          0 kB
CommitLimit:     8216048 kB
Committed_AS:    6298644 kB
VmallocTotal:   34359738367 kB
VmallocUsed:      107440 kB
VmallocChunk:          0 kB
Percpu:             4048 kB
HardwareCorrupted:     0 kB
AnonHugePages:         0 kB
ShmemHugePages:        0 kB
ShmemPmdMapped:        0 kB
FileHugePages:         0 kB
FilePmdMapped:         0 kB
Unaccepted:            0 kB
HugePages_Total:       0
HugePages_Free:        0
HugePages_Rsvd:        0
HugePages_Surp:        0
Hugepagesize:       2048 kB
Hugetlb:               0 kB
DirectMap4k:      588416 kB
DirectMap2M:     5615616 kB
DirectMap1G:     2097152 kB
