MemTotal:        8043488 kB
MemFree:          984528 kB
MemAvailable:    6746552 kB
Buffers:           84220 kB
Cached:          5716992 kB
SwapCached:            0 kB
Active:          1352060 kB
Inactive:        5184164 kB
Active(anon):     750496 kB
Inactive(anon):      156 kB
Active(file):     601564 kB
Inactive(file):  5184008 kB
Unevictable:       27624 kB
Mlocked:           27508 kB
SwapTotal:       4194300 kB
SwapFree:        4194300 kB
Zswap:                 0 kB
Zswapped:              0 kB
Dirty:              2080 kB
Writeback:             0 kB
AnonPages:        762540 kB
Mapped:           108000 kB
Shmem:              6888 kB
KReclaimable:     288996 kB
Slab:             388392 kB
SReclaimable:     288996 kB
SUnreclaim:        99396 kB
KernelStack:        3088 kB
PageTables:         6720 kB
SecPageTables:         0 kB
NFS_Unstable:          0 kB
Bounce:                0 kB
WritebackTmp:          0 kB
CommitLimit:     8216044 kB
Committed_AS:    1519736 kB
VmallocTotal:   34359738367 kB
VmallocUsed:       32932 kB
VmallocChunk:          0 kB
Percpu:             3184 kB
HardwareCorrupted:     0 kB
AnonHugePages:         0 kB
ShmemHugePages:        0 kB
ShmemPmdMapped:        0 kB
FileHugePages:         0 kB
FilePmdMapped:         0 kB
Unaccepted:            0 kB
HugePages_Total:       0
HugePages_Free:        0
HugePages_Rsvd:        0
HugePages_Surp:        0
Hugepagesize:       2048 kB
Hugetlb:               0 kB
DirectMap4k:      162432 kB
DirectMap2M:     3944448 kB
DirectMap1G:     4194304 kB
