MemTotal:        8043500 kB
MemFree:         3925280 kB
MemAvailable:    6475600 kB
Buffers:          192964 kB
Cached:          2526516 kB
SwapCached:            0 kB
Active:          2050892 kB
Inactive:        1067668 kB
Active(anon):     610272 kB
Inactive(anon):        0 kB
Active(file):    1440620 kB
Inactive(file):  1067668 kB
Unevictable:      204076 kB
Mlocked:              80 kB
SwapTotal:       4194300 kB
SwapFree:        4194300 kB
Zswap:                 0 kB
Zswapped:              0 kB
Dirty:                 4 kB
Writeback:             0 kB
AnonPages:        603156 kB
Mapped:           415612 kB
Shmem:            211192 kB
KReclaimable:     350468 kB
Slab:             503528 kB
SReclaimable:     350468 kB
SUnreclaim:       153060 kB
KernelStack:        9536 kB
PageTables:        20732 kB
SecPageTables:         0 kB
NFS_Unstable:          0 kB
Bounce:                0 kB
WritebackTmp:          0 kB
CommitLimit:     8216048 kB
Committed_AS:    4724940 kB
VmallocTotal:   34359738367 kB
VmallocUsed:      107172 kB
VmallocChunk:          0 kB
Percpu:             3664 kB
HardwareCorrupted:     0 kB
AnonHugePages:         0 kB
ShmemHugePages:        0 kB
ShmemPmdMapped:        0 kB
FileHugePages:         0 kB
FilePmdMapped:         0 kB
Unaccepted:            0 kB
HugePages_Total:       0
HugePages_Free:        0
HugePages_Rsvd:        0
HugePages_Surp:        0
Hugepagesize:       2048 kB
Hugetlb:               0 kB
DirectMap4k:      359040 kB
DirectMap2M:     6893568 kB
DirectMap1G:     1048576 kB
