MemTotal:        8043492 kB
MemFree:         7052644 kB
MemAvailable:    7501876 kB
Buffers:           45448 kB
Cached:           626052 kB
SwapCached:            0 kB
Active:           604936 kB
Inactive:         135748 kB
Active(anon):      84796 kB
Inactive(anon):        0 kB
Active(file):     520140 kB
Inactive(file):   135748 kB
Unevictable:       27560 kB
Mlocked:           27444 kB
SwapTotal:       4194300 kB
SwapFree:        4194300 kB
Zswap:                 0 kB
Zswapped:              0 kB
Dirty:               132 kB
Writeback:             0 kB
AnonPages:         96744 kB
Mapped:            85280 kB
Shmem:              6860 kB
KReclaimable:      34384 kB
Slab:             107572 kB
SReclaimable:      34384 kB
SUnreclaim:        73188 kB
KernelStack:        2752 kB
PageTables:         4560 kB
SecPageTables:         0 kB
NFS_Unstable:          0 kB
Bounce:                0 kB
WritebackTmp:          0 kB
CommitLimit:     8216044 kB
Committed_AS:     687648 kB
VmallocTotal:   34359738367 kB
VmallocUsed:       32252 kB
VmallocChunk:          0 kB
Percpu:             2736 kB
HardwareCorrupted:     0 kB
AnonHugePages:         0 kB
ShmemHugePages:        0 kB
ShmemPmdMapped:        0 kB
FileHugePages:         0 kB
FilePmdMapped:         0 kB
Unaccepted:            0 kB
HugePages_Total:       0
HugePages_Free:        0
HugePages_Rsvd:        0
HugePages_Surp:        0
Hugepagesize:       2048 kB
Hugetlb:               0 kB
DirectMap4k:      154240 kB
DirectMap2M:     3952640 kB
DirectMap1G:     4194304 kB
