MemTotal:        8043480 kB
MemFree:         4531256 kB
MemAvailable:    6334592 kB
Buffers:           74224 kB
Cached:          2089528 kB
SwapCached:          116 kB
Active:          1847600 kB
Inactive:        1120484 kB
Active(anon):     999596 kB
Inactive(anon):      800 kB
Active(file):     848004 kB
Inactive(file):  1119684 kB
Unevictable:       29780 kB
Mlocked:              80 kB
SwapTotal:       4194300 kB
SwapFree:        4193788 kB
Zswap:                 0 kB
Zswapped:              0 kB
Dirty:                48 kB
Writeback:             0 kB
AnonPages:        834004 kB
Mapped:           415408 kB
Shmem:            196056 kB
KReclaimable:     119388 kB
Slab:             262764 kB
SReclaimable:     119388 kB
SUnreclaim:       143376 kB
KernelStack:        9568 kB
PageTables:        21520 kB
SecPageTables:         0 kB
NFS_Unstable:          0 kB
Bounce:                0 kB
WritebackTmp:          0 kB
CommitLimit:     8216040 kB
Committed_AS:    4979584 kB
VmallocTotal:   34359738367 kB
VmallocUsed:      107304 kB
VmallocChunk:          0 kB
Percpu:             3904 kB
HardwareCorrupted:     0 kB
AnonHugePages:         0 kB
ShmemHugePages:        0 kB
ShmemPmdMapped:        0 kB
FileHugePages:         0 kB
FilePmdMapped:         0 kB
Unaccepted:            0 kB
HugePages_Total:       0
HugePages_Free:        0
HugePages_Rsvd:        0
HugePages_Surp:        0
Hugepagesize:       2048 kB
Hugetlb:               0 kB
DirectMap4k:      385664 kB
DirectMap2M:     6866944 kB
DirectMap1G:     1048576 kB
