MemTotal:        8043500 kB
MemFree:         4017052 kB
MemAvailable:    6538752 kB
Buffers:          194856 kB
Cached:          2493152 kB
SwapCached:            0 kB
Active:          2045600 kB
Inactive:        1047752 kB
Active(anon):     616612 kB
Inactive(anon):        0 kB
Active(file):    1428988 kB
Inactive(file):  1047752 kB
Unevictable:      204136 kB
Mlocked:              80 kB
SwapTotal:       4194300 kB
SwapFree:        4194300 kB
Zswap:                 0 kB
Zswapped:              0 kB
Dirty:                92 kB
Writeback:             0 kB
AnonPages:        609496 kB
Mapped:           415816 kB
Shmem:            211260 kB
KReclaimable:     353396 kB
Slab:             506720 kB
SReclaimable:     353396 kB
SUnreclaim:       153324 kB
KernelStack:        9568 kB
PageTables:        20952 kB
SecPageTables:         0 kB
NFS_Unstable:          0 kB
Bounce:                0 kB
WritebackTmp:          0 kB
CommitLimit:     8216048 kB
Committed_AS:    4779496 kB
VmallocTotal:   34359738367 kB
VmallocUsed:      107252 kB
VmallocChunk:          0 kB
Percpu:             3664 kB
HardwareCorrupted:     0 kB
AnonHugePages:         0 kB
ShmemHugePages:        0 kB
ShmemPmdMapped:        0 kB
FileHugePages:         0 kB
FilePmdMapped:         0 kB
Unaccepted:            0 kB
HugePages_Total:       0
HugePages_Free:        0
HugePages_Rsvd:        0
HugePages_Surp:        0
Hugepagesize:       2048 kB
Hugetlb:               0 kB
DirectMap4k:      367232 kB
DirectMap2M:     6885376 kB
DirectMap1G:     1048576 kB
