MemTotal:        8043480 kB
MemFree:         4691244 kB
MemAvailable:    6485256 kB
Buffers:           71212 kB
Cached:          2083464 kB
SwapCached:          116 kB
Active:          1704388 kB
Inactive:        1116148 kB
Active(anon):     860988 kB
Inactive(anon):      800 kB
Active(file):     843400 kB
Inactive(file):  1115348 kB
Unevictable:       29652 kB
Mlocked:              80 kB
SwapTotal:       4194300 kB
SwapFree:        4193788 kB
Zswap:                 0 kB
Zswapped:              0 kB
Dirty:                16 kB
Writeback:             0 kB
AnonPages:        695396 kB
Mapped:           415192 kB
Shmem:            195928 kB
KReclaimable:     118624 kB
Slab:             261700 kB
SReclaimable:     118624 kB
SUnreclaim:       143076 kB
KernelStack:        9568 kB
PageTables:        21284 kB
SecPageTables:         0 kB
NFS_Unstable:          0 kB
Bounce:                0 kB
WritebackTmp:          0 kB
CommitLimit:     8216040 kB
Committed_AS:    4858988 kB
VmallocTotal:   34359738367 kB
VmallocUsed:      107288 kB
VmallocChunk:          0 kB
Percpu:             3856 kB
HardwareCorrupted:     0 kB
AnonHugePages:         0 kB
ShmemHugePages:        0 kB
ShmemPmdMapped:        0 kB
FileHugePages:         0 kB
FilePmdMapped:         0 kB
Unaccepted:            0 kB
HugePages_Total:       0
HugePages_Free:        0
HugePages_Rsvd:        0
HugePages_Surp:        0
Hugepagesize:       2048 kB
Hugetlb:               0 kB
DirectMap4k:      371328 kB
DirectMap2M:     5832704 kB
DirectMap1G:     2097152 kB
