MemTotal:        8043496 kB
MemFree:         2437336 kB
MemAvailable:    5801384 kB
Buffers:           90960 kB
Cached:          3193836 kB
SwapCached:        78056 kB
Active:          1382344 kB
Inactive:        3290024 kB
Active(anon):     908952 kB
Inactive(anon):   594720 kB
Active(file):     473392 kB
Inactive(file):  2695304 kB
Unevictable:       57080 kB
Mlocked:              80 kB
SwapTotal:       4194300 kB
SwapFree:        3625940 kB
Zswap:                 0 kB
Zswapped:              0 kB
Dirty:               132 kB
Writeback:            20 kB
AnonPages:       1433172 kB
Mapped:           161716 kB
Shmem:            116092 kB
KReclaimable:     503788 kB
Slab:             677768 kB
SReclaimable:     503788 kB
SUnreclaim:       173980 kB
KernelStack:        9600 kB
PageTables:        23980 kB
SecPageTables:         0 kB
NFS_Unstable:          0 kB
Bounce:                0 kB
WritebackTmp:          0 kB
CommitLimit:     8216048 kB
Committed_AS:    6298904 kB
VmallocTotal:   34359738367 kB
VmallocUsed:      107456 kB
VmallocChunk:          0 kB
Percpu:             4048 kB
HardwareCorrupted:     0 kB
AnonHugePages:         0 kB
ShmemHugePages:        0 kB
ShmemPmdMapped:        0 kB
FileHugePages:         0 kB
FilePmdMapped:         0 kB
Unaccepted:            0 kB
HugePages_Total:       0
HugePages_Free:        0
HugePages_Rsvd:        0
HugePages_Surp:        0
Hugepagesize:       2048 kB
Hugetlb:               0 kB
DirectMap4k:      592512 kB
DirectMap2M:     5611520 kB
DirectMap1G:     2097152 kB
