MemTotal:        8043480 kB
MemFree:         3500300 kB
MemAvailable:    6527592 kB
Buffers:           65968 kB
Cached:          3310548 kB
SwapCached:          120 kB
Active:          1689076 kB
Inactive:        2330576 kB
Active(anon):     846532 kB
Inactive(anon):      808 kB
Active(file):     842544 kB
Inactive(file):  2329768 kB
Unevictable:       29732 kB
Mlocked:              80 kB
SwapTotal:       4194300 kB
SwapFree:        4193788 kB
Zswap:                 0 kB
Zswapped:              0 kB
Dirty:                48 kB
Writeback:             0 kB
AnonPages:        672772 kB
Mapped:           409288 kB
Shmem:            204180 kB
KReclaimable:     158056 kB
Slab:             305004 kB
SReclaimable:     158056 kB
SUnreclaim:       146948 kB
KernelStack:        9376 kB
PageTables:        20884 kB
SecPageTables:         0 kB
NFS_Unstable:          0 kB
Bounce:                0 kB
WritebackTmp:          0 kB
CommitLimit:     8216040 kB
Committed_AS:    4833940 kB
VmallocTotal:   34359738367 kB
VmallocUsed:      107000 kB
VmallocChunk:          0 kB
Percpu:             3712 kB
HardwareCorrupted:     0 kB
AnonHugePages:         0 kB
ShmemHugePages:        0 kB
ShmemPmdMapped:        0 kB
FileHugePages:         0 kB
FilePmdMapped:         0 kB
Unaccepted:            0 kB
HugePages_Total:       0
HugePages_Free:        0
HugePages_Rsvd:        0
HugePages_Surp:        0
Hugepagesize:       2048 kB
Hugetlb:               0 kB
DirectMap4k:      367232 kB
DirectMap2M:     4788224 kB
DirectMap1G:     3145728 kB
