MemTotal:        8043496 kB
MemFree:         3054368 kB
MemAvailable:    6242704 kB
Buffers:          100732 kB
Cached:          3012008 kB
SwapCached:        78376 kB
Active:           934032 kB
Inactive:        3096820 kB
Active(anon):     454740 kB
Inactive(anon):   579584 kB
Active(file):     479292 kB
Inactive(file):  2517236 kB
Unevictable:       57212 kB
Mlocked:              80 kB
SwapTotal:       4194300 kB
SwapFree:        3626452 kB
Zswap:                 0 kB
Zswapped:              0 kB
Dirty:                36 kB
Writeback:             0 kB
AnonPages:        963668 kB
Mapped:           160044 kB
Shmem:            116212 kB
KReclaimable:     500244 kB
Slab:             674480 kB
SReclaimable:     500244 kB
SUnreclaim:       174236 kB
KernelStack:        9536 kB
PageTables:        23728 kB
SecPageTables:         0 kB
NFS_Unstable:          0 kB
Bounce:                0 kB
WritebackTmp:          0 kB
CommitLimit:     8216048 kB
Committed_AS:    6288984 kB
VmallocTotal:   34359738367 kB
VmallocUsed:      107360 kB
VmallocChunk:          0 kB
Percpu:             4048 kB
HardwareCorrupted:     0 kB
AnonHugePages:         0 kB
ShmemHugePages:        0 kB
ShmemPmdMapped:        0 kB
FileHugePages:         0 kB
FilePmdMapped:         0 kB
Unaccepted:            0 kB
HugePages_Total:       0
HugePages_Free:        0
HugePages_Rsvd:        0
HugePages_Surp:        0
Hugepagesize:       2048 kB
Hugetlb:               0 kB
DirectMap4k:      600704 kB
DirectMap2M:     5603328 kB
DirectMap1G:     2097152 kB
