MemTotal:        8043488 kB
MemFree:         6689488 kB
MemAvailable:    7474956 kB
Buffers:           25836 kB
Cached:           964580 kB
SwapCached:         2168 kB
Active:            90332 kB
Inactive:         986844 kB
Active(anon):      38968 kB
Inactive(anon):    62556 kB
Active(file):      51364 kB
Inactive(file):   924288 kB
Unevictable:       27624 kB
Mlocked:           27508 kB
SwapTotal:       4194300 kB
SwapFree:        4188412 kB
Zswap:                 0 kB
Zswapped:              0 kB
Dirty:               276 kB
Writeback:           104 kB
AnonPages:        112844 kB
Mapped:            95308 kB
Shmem:              6004 kB
KReclaimable:      67328 kB
Slab:             142664 kB
SReclaimable:      67328 kB
SUnreclaim:        75336 kB
KernelStack:        3008 kB
PageTables:         5032 kB
SecPageTables:         0 kB
NFS_Unstable:          0 kB
Bounce:                0 kB
WritebackTmp:          0 kB
CommitLimit:     8216044 kB
Committed_AS:     808080 kB
VmallocTotal:   34359738367 kB
VmallocUsed:       32772 kB
VmallocChunk:          0 kB
Percpu:             2944 kB
HardwareCorrupted:     0 kB
AnonHugePages:         0 kB
ShmemHugePages:        0 kB
ShmemPmdMapped:        0 kB
FileHugePages:         0 kB
FilePmdMapped:         0 kB
Unaccepted:            0 kB
HugePages_Total:       0
HugePages_Free:        0
HugePages_Rsvd:        0
HugePages_Surp:        0
Hugepagesize:       2048 kB
Hugetlb:               0 kB
DirectMap4k:      131712 kB
DirectMap2M:     3975168 kB
DirectMap1G:     4194304 kB
