MemTotal:        8043488 kB
MemFree:         5435300 kB
MemAvailable:    7448596 kB
Buffers:           50012 kB
Cached:          2163060 kB
SwapCached:         2176 kB
Active:           122596 kB
Inactive:        2182680 kB
Active(anon):      45772 kB
Inactive(anon):    61220 kB
Active(file):      76824 kB
Inactive(file):  2121460 kB
Unevictable:       27624 kB
Mlocked:           27508 kB
SwapTotal:       4194300 kB
SwapFree:        4188668 kB
Zswap:                 0 kB
Zswapped:              0 kB
Dirty:               168 kB
Writeback:             0 kB
AnonPages:        118344 kB
Mapped:            98920 kB
Shmem:              6012 kB
KReclaimable:      77720 kB
Slab:             153324 kB
SReclaimable:      77720 kB
SUnreclaim:        75604 kB
KernelStack:        2976 kB
PageTables:         5236 kB
SecPageTables:         0 kB
NFS_Unstable:          0 kB
Bounce:                0 kB
WritebackTmp:          0 kB
CommitLimit:     8216044 kB
Committed_AS:     910700 kB
VmallocTotal:   34359738367 kB
VmallocUsed:       32724 kB
VmallocChunk:          0 kB
Percpu:             2944 kB
HardwareCorrupted:     0 kB
AnonHugePages:         0 kB
ShmemHugePages:        0 kB
ShmemPmdMapped:        0 kB
FileHugePages:         0 kB
FilePmdMapped:         0 kB
Unaccepted:            0 kB
HugePages_Total:       0
HugePages_Free:        0
HugePages_Rsvd:        0
HugePages_Surp:        0
Hugepagesize:       2048 kB
Hugetlb:               0 kB
DirectMap4k:      131712 kB
DirectMap2M:     3975168 kB
DirectMap1G:     4194304 kB
