MemTotal:        8043496 kB
MemFree:         4726056 kB
MemAvailable:    7454328 kB
Buffers:           40252 kB
Cached:          2880072 kB
SwapCached:         2716 kB
Active:           248560 kB
Inactive:        2751856 kB
Active(anon):      32848 kB
Inactive(anon):    62052 kB
Active(file):     215712 kB
Inactive(file):  2689804 kB
Unevictable:       27560 kB
Mlocked:           27444 kB
SwapTotal:       4194300 kB
SwapFree:        4187644 kB
Zswap:                 0 kB
Zswapped:              0 kB
Dirty:               160 kB
Writeback:             0 kB
AnonPages:        105792 kB
Mapped:            85800 kB
Shmem:              6048 kB
KReclaimable:      93208 kB
Slab:             169772 kB
SReclaimable:      93208 kB
SUnreclaim:        76564 kB
KernelStack:        2960 kB
PageTables:         4936 kB
SecPageTables:         0 kB
NFS_Unstable:          0 kB
Bounce:                0 kB
WritebackTmp:          0 kB
CommitLimit:     8216048 kB
Committed_AS:     784320 kB
VmallocTotal:   34359738367 kB
VmallocUsed:       32708 kB
VmallocChunk:          0 kB
Percpu:             2816 kB
HardwareCorrupted:     0 kB
AnonHugePages:         0 kB
ShmemHugePages:        0 kB
ShmemPmdMapped:        0 kB
FileHugePages:         0 kB
FilePmdMapped:         0 kB
Unaccepted:            0 kB
HugePages_Total:       0
HugePages_Free:        0
HugePages_Rsvd:        0
HugePages_Surp:        0
Hugepagesize:       2048 kB
Hugetlb:               0 kB
DirectMap4k:      156288 kB
DirectMap2M:     4999168 kB
DirectMap1G:     3145728 kB
