MemTotal:        8043496 kB
MemFree:         4513736 kB
MemAvailable:    7434868 kB
Buffers:           79988 kB
Cached:          3010824 kB
SwapCached:            0 kB
Active:           649064 kB
Inactive:        2522356 kB
Active(anon):      96176 kB
Inactive(anon):        0 kB
Active(file):     552888 kB
Inactive(file):  2522356 kB
Unevictable:       27560 kB
Mlocked:           27444 kB
SwapTotal:       4194300 kB
SwapFree:        4194300 kB
Zswap:                 0 kB
Zswapped:              0 kB
Dirty:               168 kB
Writeback:             0 kB
AnonPages:        108180 kB
Mapped:           104936 kB
Shmem:              6808 kB
KReclaimable:     139472 kB
Slab:             221176 kB
SReclaimable:     139472 kB
SUnreclaim:        81704 kB
KernelStack:        2912 kB
PageTables:         4884 kB
SecPageTables:         0 kB
NFS_Unstable:          0 kB
Bounce:                0 kB
WritebackTmp:          0 kB
CommitLimit:     8216048 kB
Committed_AS:     783728 kB
VmallocTotal:   34359738367 kB
VmallocUsed:       32540 kB
VmallocChunk:          0 kB
Percpu:             2816 kB
HardwareCorrupted:     0 kB
AnonHugePages:         0 kB
ShmemHugePages:        0 kB
ShmemPmdMapped:        0 kB
FileHugePages:         0 kB
FilePmdMapped:         0 kB
Unaccepted:            0 kB
HugePages_Total:       0
HugePages_Free:        0
HugePages_Rsvd:        0
HugePages_Surp:        0
Hugepagesize:       2048 kB
Hugetlb:               0 kB
DirectMap4k:      137856 kB
DirectMap2M:     3969024 kB
DirectMap1G:     4194304 kB
