MemTotal:        8043488 kB
MemFree:         5214816 kB
MemAvailable:    7405244 kB
Buffers:           57748 kB
Cached:          2318328 kB
SwapCached:         2324 kB
Active:           135800 kB
Inactive:        2344460 kB
Active(anon):      57860 kB
Inactive(anon):    61108 kB
Active(file):      77940 kB
Inactive(file):  2283352 kB
Unevictable:       27624 kB
Mlocked:           27508 kB
SwapTotal:       4194300 kB
SwapFree:        4188668 kB
Zswap:                 0 kB
Zswapped:              0 kB
Dirty:               204 kB
Writeback:             0 kB
AnonPages:        130384 kB
Mapped:           101700 kB
Shmem:              6024 kB
KReclaimable:     105964 kB
Slab:             184304 kB
SReclaimable:     105964 kB
SUnreclaim:        78340 kB
KernelStack:        3088 kB
PageTables:         5584 kB
SecPageTables:         0 kB
NFS_Unstable:          0 kB
Bounce:                0 kB
WritebackTmp:          0 kB
CommitLimit:     8216044 kB
Committed_AS:     928596 kB
VmallocTotal:   34359738367 kB
VmallocUsed:       32964 kB
VmallocChunk:          0 kB
Percpu:             2944 kB
HardwareCorrupted:     0 kB
AnonHugePages:         0 kB
ShmemHugePages:        0 kB
ShmemPmdMapped:        0 kB
FileHugePages:         0 kB
FilePmdMapped:         0 kB
Unaccepted:            0 kB
HugePages_Total:       0
HugePages_Free:        0
HugePages_Rsvd:        0
HugePages_Surp:        0
Hugepagesize:       2048 kB
Hugetlb:               0 kB
DirectMap4k:      131712 kB
DirectMap2M:     3975168 kB
DirectMap1G:     4194304 kB
