MemTotal:        8043488 kB
MemFree:         5466812 kB
MemAvailable:    7466184 kB
Buffers:           85684 kB
Cached:          2107920 kB
SwapCached:            0 kB
Active:           866648 kB
Inactive:        1413460 kB
Active(anon):     102184 kB
Inactive(anon):        0 kB
Active(file):     764464 kB
Inactive(file):  1413460 kB
Unevictable:       27624 kB
Mlocked:           27508 kB
SwapTotal:       4194300 kB
SwapFree:        4194300 kB
Zswap:                 0 kB
Zswapped:              0 kB
Dirty:               116 kB
Writeback:             0 kB
AnonPages:        114244 kB
Mapped:           105804 kB
Shmem:              6812 kB
KReclaimable:      90592 kB
Slab:             167468 kB
SReclaimable:      90592 kB
SUnreclaim:        76876 kB
KernelStack:        2960 kB
PageTables:         5052 kB
SecPageTables:         0 kB
NFS_Unstable:          0 kB
Bounce:                0 kB
WritebackTmp:          0 kB
CommitLimit:     8216044 kB
Committed_AS:     806912 kB
VmallocTotal:   34359738367 kB
VmallocUsed:       32708 kB
VmallocChunk:          0 kB
Percpu:             2896 kB
HardwareCorrupted:     0 kB
AnonHugePages:         0 kB
ShmemHugePages:        0 kB
ShmemPmdMapped:        0 kB
FileHugePages:         0 kB
FilePmdMapped:         0 kB
Unaccepted:            0 kB
HugePages_Total:       0
HugePages_Free:        0
HugePages_Rsvd:        0
HugePages_Surp:        0
Hugepagesize:       2048 kB
Hugetlb:               0 kB
DirectMap4k:      131712 kB
DirectMap2M:     3975168 kB
DirectMap1G:     4194304 kB
