MemTotal:        8043496 kB
MemFree:         4020432 kB
MemAvailable:    6269000 kB
Buffers:           96420 kB
Cached:          2101076 kB
SwapCached:        78364 kB
Active:           900312 kB
Inactive:        2185660 kB
Active(anon):     422660 kB
Inactive(anon):   582032 kB
Active(file):     477652 kB
Inactive(file):  1603628 kB
Unevictable:       57212 kB
Mlocked:              80 kB
SwapTotal:       4194300 kB
SwapFree:        3626452 kB
Zswap:                 0 kB
Zswapped:              0 kB
Dirty:                 4 kB
Writeback:             0 kB
AnonPages:        934032 kB
Mapped:           159976 kB
Shmem:            116212 kB
KReclaimable:     475724 kB
Slab:             649472 kB
SReclaimable:     475724 kB
SUnreclaim:       173748 kB
KernelStack:        9488 kB
PageTables:        23692 kB
SecPageTables:         0 kB
NFS_Unstable:          0 kB
Bounce:                0 kB
WritebackTmp:          0 kB
CommitLimit:     8216048 kB
Committed_AS:    6288928 kB
VmallocTotal:   34359738367 kB
VmallocUsed:      107312 kB
VmallocChunk:          0 kB
Percpu:             4048 kB
HardwareCorrupted:     0 kB
AnonHugePages:         0 kB
ShmemHugePages:        0 kB
ShmemPmdMapped:        0 kB
FileHugePages:         0 kB
FilePmdMapped:         0 kB
Unaccepted:            0 kB
HugePages_Total:       0
HugePages_Free:        0
HugePages_Rsvd:        0
HugePages_Surp:        0
Hugepagesize:       2048 kB
Hugetlb:               0 kB
DirectMap4k:      596608 kB
DirectMap2M:     5607424 kB
DirectMap1G:     2097152 kB
