MemTotal:        8043500 kB
MemFree:         3993020 kB
MemAvailable:    6512392 kB
Buffers:          194360 kB
Cached:          2491504 kB
SwapCached:            0 kB
Active:          2062316 kB
Inactive:        1046572 kB
Active(anon):     634228 kB
Inactive(anon):        0 kB
Active(file):    1428088 kB
Inactive(file):  1046572 kB
Unevictable:      204076 kB
Mlocked:              80 kB
SwapTotal:       4194300 kB
SwapFree:        4194300 kB
Zswap:                 0 kB
Zswapped:              0 kB
Dirty:                80 kB
Writeback:             0 kB
AnonPages:        627112 kB
Mapped:           415712 kB
Shmem:            211196 kB
KReclaimable:     353148 kB
Slab:             506516 kB
SReclaimable:     353148 kB
SUnreclaim:       153368 kB
KernelStack:        9536 kB
PageTables:        20888 kB
SecPageTables:         0 kB
NFS_Unstable:          0 kB
Bounce:                0 kB
WritebackTmp:          0 kB
CommitLimit:     8216048 kB
Committed_AS:    4753448 kB
VmallocTotal:   34359738367 kB
VmallocUsed:      107220 kB
VmallocChunk:          0 kB
Percpu:             3664 kB
HardwareCorrupted:     0 kB
AnonHugePages:         0 kB
ShmemHugePages:        0 kB
ShmemPmdMapped:        0 kB
FileHugePages:         0 kB
FilePmdMapped:         0 kB
Unaccepted:            0 kB
HugePages_Total:       0
HugePages_Free:        0
HugePages_Rsvd:        0
HugePages_Surp:        0
Hugepagesize:       2048 kB
Hugetlb:               0 kB
DirectMap4k:      365184 kB
DirectMap2M:     6887424 kB
DirectMap1G:     1048576 kB
