MemTotal:        8043488 kB
MemFree:         6824608 kB
MemAvailable:    7380128 kB
Buffers:           16928 kB
Cached:           746756 kB
SwapCached:         6492 kB
Active:           142384 kB
Inactive:         694584 kB
Active(anon):      62244 kB
Inactive(anon):    25008 kB
Active(file):      80140 kB
Inactive(file):   669576 kB
Unevictable:       27624 kB
Mlocked:           27508 kB
SwapTotal:       4194300 kB
SwapFree:        4157948 kB
Zswap:                 0 kB
Zswapped:              0 kB
Dirty:              2064 kB
Writeback:             0 kB
AnonPages:         95324 kB
Mapped:            89784 kB
Shmem:              5204 kB
KReclaimable:      59304 kB
Slab:             135112 kB
SReclaimable:      59304 kB
SUnreclaim:        75808 kB
KernelStack:        2992 kB
PageTables:         5332 kB
SecPageTables:         0 kB
NFS_Unstable:          0 kB
Bounce:                0 kB
WritebackTmp:          0 kB
CommitLimit:     8216044 kB
Committed_AS:     918224 kB
VmallocTotal:   34359738367 kB
VmallocUsed:       32820 kB
VmallocChunk:          0 kB
Percpu:             2944 kB
HardwareCorrupted:     0 kB
AnonHugePages:         0 kB
ShmemHugePages:        0 kB
ShmemPmdMapped:        0 kB
FileHugePages:         0 kB
FilePmdMapped:         0 kB
Unaccepted:            0 kB
HugePages_Total:       0
HugePages_Free:        0
HugePages_Rsvd:        0
HugePages_Surp:        0
Hugepagesize:       2048 kB
Hugetlb:               0 kB
DirectMap4k:      131712 kB
DirectMap2M:     3975168 kB
DirectMap1G:     4194304 kB
