MemTotal:        8043488 kB
MemFree:         6770332 kB
MemAvailable:    7352952 kB
Buffers:           15016 kB
Cached:           775160 kB
SwapCached:         2112 kB
Active:            75304 kB
Inactive:         799680 kB
Active(anon):      28304 kB
Inactive(anon):    71260 kB
Active(file):      47000 kB
Inactive(file):   728420 kB
Unevictable:       27624 kB
Mlocked:           27508 kB
SwapTotal:       4194300 kB
SwapFree:        4188412 kB
Zswap:                 0 kB
Zswapped:              0 kB
Dirty:              1964 kB
Writeback:            92 kB
AnonPages:        110888 kB
Mapped:            95048 kB
Shmem:              6004 kB
KReclaimable:      62092 kB
Slab:             137244 kB
SReclaimable:      62092 kB
SUnreclaim:        75152 kB
KernelStack:        2960 kB
PageTables:         5012 kB
SecPageTables:         0 kB
NFS_Unstable:          0 kB
Bounce:                0 kB
WritebackTmp:          0 kB
CommitLimit:     8216044 kB
Committed_AS:     806108 kB
VmallocTotal:   34359738367 kB
VmallocUsed:       32708 kB
VmallocChunk:          0 kB
Percpu:             2944 kB
HardwareCorrupted:     0 kB
AnonHugePages:         0 kB
ShmemHugePages:        0 kB
ShmemPmdMapped:        0 kB
FileHugePages:         0 kB
FilePmdMapped:         0 kB
Unaccepted:            0 kB
HugePages_Total:       0
HugePages_Free:        0
HugePages_Rsvd:        0
HugePages_Surp:        0
Hugepagesize:       2048 kB
Hugetlb:               0 kB
DirectMap4k:      131712 kB
DirectMap2M:     3975168 kB
DirectMap1G:     4194304 kB
