MemTotal:        8043492 kB
MemFree:         6570848 kB
MemAvailable:    7357112 kB
Buffers:           42232 kB
Cached:           945948 kB
SwapCached:            4 kB
Active:            31892 kB
Inactive:        1046060 kB
Active(anon):       5312 kB
Inactive(anon):   100076 kB
Active(file):      26580 kB
Inactive(file):   945984 kB
Unevictable:       27624 kB
Mlocked:           27508 kB
SwapTotal:       4194300 kB
SwapFree:        4194044 kB
Zswap:                 0 kB
Zswapped:              0 kB
Dirty:              1820 kB
Writeback:             0 kB
AnonPages:        117404 kB
Mapped:           106144 kB
Shmem:              6860 kB
KReclaimable:      75092 kB
Slab:             152264 kB
SReclaimable:      75092 kB
SUnreclaim:        77172 kB
KernelStack:        2944 kB
PageTables:         5196 kB
SecPageTables:         0 kB
NFS_Unstable:          0 kB
Bounce:                0 kB
WritebackTmp:          0 kB
CommitLimit:     8216044 kB
Committed_AS:     917316 kB
VmallocTotal:   34359738367 kB
VmallocUsed:       33784 kB
VmallocChunk:          0 kB
Percpu:             2944 kB
HardwareCorrupted:     0 kB
AnonHugePages:         0 kB
ShmemHugePages:        0 kB
ShmemPmdMapped:        0 kB
FileHugePages:         0 kB
FilePmdMapped:         0 kB
Unaccepted:            0 kB
HugePages_Total:       0
HugePages_Free:        0
HugePages_Rsvd:        0
HugePages_Surp:        0
Hugepagesize:       2048 kB
Hugetlb:               0 kB
DirectMap4k:      168576 kB
DirectMap2M:     4986880 kB
DirectMap1G:     3145728 kB
