MemTotal:        8043496 kB
MemFree:         3298260 kB
MemAvailable:    5112144 kB
Buffers:          130336 kB
Cached:          1682220 kB
SwapCached:       102412 kB
Active:          1768392 kB
Inactive:        1554164 kB
Active(anon):    1166952 kB
Inactive(anon):   505052 kB
Active(file):     601440 kB
Inactive(file):  1049112 kB
Unevictable:      102608 kB
Mlocked:              80 kB
SwapTotal:       4194300 kB
SwapFree:        3654868 kB
Zswap:                 0 kB
Zswapped:              0 kB
Dirty:              2252 kB
Writeback:             0 kB
AnonPages:       1594944 kB
Mapped:           260376 kB
Shmem:            162004 kB
KReclaimable:     471768 kB
Slab:             645856 kB
SReclaimable:     471768 kB
SUnreclaim:       174088 kB
KernelStack:       10192 kB
PageTables:        26636 kB
SecPageTables:         0 kB
NFS_Unstable:          0 kB
Bounce:                0 kB
WritebackTmp:          0 kB
CommitLimit:     8216048 kB
Committed_AS:    7112276 kB
VmallocTotal:   34359738367 kB
VmallocUsed:      108080 kB
VmallocChunk:          0 kB
Percpu:             4192 kB
HardwareCorrupted:     0 kB
AnonHugePages:         0 kB
ShmemHugePages:        0 kB
ShmemPmdMapped:        0 kB
FileHugePages:         0 kB
FilePmdMapped:         0 kB
Unaccepted:            0 kB
HugePages_Total:       0
HugePages_Free:        0
HugePages_Rsvd:        0
HugePages_Surp:        0
Hugepagesize:       2048 kB
Hugetlb:               0 kB
DirectMap4k:      619136 kB
DirectMap2M:     5584896 kB
DirectMap1G:     2097152 kB
