MemTotal:        8043488 kB
MemFree:         6420804 kB
MemAvailable:    7457644 kB
Buffers:           44104 kB
Cached:          1194368 kB
SwapCached:         2184 kB
Active:           121092 kB
Inactive:        1208780 kB
Active(anon):      44940 kB
Inactive(anon):    61228 kB
Active(file):      76152 kB
Inactive(file):  1147552 kB
Unevictable:       27672 kB
Mlocked:           27556 kB
SwapTotal:       4194300 kB
SwapFree:        4188668 kB
Zswap:                 0 kB
Zswapped:              0 kB
Dirty:                44 kB
Writeback:             0 kB
AnonPages:        117480 kB
Mapped:            98872 kB
Shmem:              6012 kB
KReclaimable:      73964 kB
Slab:             149848 kB
SReclaimable:      73964 kB
SUnreclaim:        75884 kB
KernelStack:        2976 kB
PageTables:         5276 kB
SecPageTables:         0 kB
NFS_Unstable:          0 kB
Bounce:                0 kB
WritebackTmp:          0 kB
CommitLimit:     8216044 kB
Committed_AS:     909408 kB
VmallocTotal:   34359738367 kB
VmallocUsed:       32708 kB
VmallocChunk:          0 kB
Percpu:             2944 kB
HardwareCorrupted:     0 kB
AnonHugePages:         0 kB
ShmemHugePages:        0 kB
ShmemPmdMapped:        0 kB
FileHugePages:         0 kB
FilePmdMapped:         0 kB
Unaccepted:            0 kB
HugePages_Total:       0
HugePages_Free:        0
HugePages_Rsvd:        0
HugePages_Surp:        0
Hugepagesize:       2048 kB
Hugetlb:               0 kB
DirectMap4k:      131712 kB
DirectMap2M:     3975168 kB
DirectMap1G:     4194304 kB
