MemTotal:        8043488 kB
MemFree:         6820760 kB
MemAvailable:    7470216 kB
Buffers:           67584 kB
Cached:           788640 kB
SwapCached:            0 kB
Active:           670576 kB
Inactive:         285684 kB
Active(anon):     115608 kB
Inactive(anon):        0 kB
Active(file):     554968 kB
Inactive(file):   285684 kB
Unevictable:       27624 kB
Mlocked:           27508 kB
SwapTotal:       4194300 kB
SwapFree:        4194300 kB
Zswap:                 0 kB
Zswapped:              0 kB
Dirty:                 8 kB
Writeback:             0 kB
AnonPages:        127664 kB
Mapped:           105624 kB
Shmem:              6820 kB
KReclaimable:      65300 kB
Slab:             140412 kB
SReclaimable:      65300 kB
SUnreclaim:        75112 kB
KernelStack:        3072 kB
PageTables:         5384 kB
SecPageTables:         0 kB
NFS_Unstable:          0 kB
Bounce:                0 kB
WritebackTmp:          0 kB
CommitLimit:     8216044 kB
Committed_AS:     824188 kB
VmallocTotal:   34359738367 kB
VmallocUsed:       32980 kB
VmallocChunk:          0 kB
Percpu:             2752 kB
HardwareCorrupted:     0 kB
AnonHugePages:         0 kB
ShmemHugePages:        0 kB
ShmemPmdMapped:        0 kB
FileHugePages:         0 kB
FilePmdMapped:         0 kB
Unaccepted:            0 kB
HugePages_Total:       0
HugePages_Free:        0
HugePages_Rsvd:        0
HugePages_Surp:        0
Hugepagesize:       2048 kB
Hugetlb:               0 kB
DirectMap4k:      131712 kB
DirectMap2M:     3975168 kB
DirectMap1G:     4194304 kB
