MemTotal:        8043480 kB
MemFree:         5162804 kB
MemAvailable:    6543368 kB
Buffers:           62964 kB
Cached:          1690100 kB
SwapCached:          120 kB
Active:          1682980 kB
Inactive:         707640 kB
Active(anon):     840936 kB
Inactive(anon):      808 kB
Active(file):     842044 kB
Inactive(file):   706832 kB
Unevictable:       29668 kB
Mlocked:              80 kB
SwapTotal:       4194300 kB
SwapFree:        4193788 kB
Zswap:                 0 kB
Zswapped:              0 kB
Dirty:                64 kB
Writeback:             0 kB
AnonPages:        667000 kB
Mapped:           409288 kB
Shmem:            204180 kB
KReclaimable:     111472 kB
Slab:             254308 kB
SReclaimable:     111472 kB
SUnreclaim:       142836 kB
KernelStack:        9392 kB
PageTables:        20884 kB
SecPageTables:         0 kB
NFS_Unstable:          0 kB
Bounce:                0 kB
WritebackTmp:          0 kB
CommitLimit:     8216040 kB
Committed_AS:    4833952 kB
VmallocTotal:   34359738367 kB
VmallocUsed:      107032 kB
VmallocChunk:          0 kB
Percpu:             3712 kB
HardwareCorrupted:     0 kB
AnonHugePages:         0 kB
ShmemHugePages:        0 kB
ShmemPmdMapped:        0 kB
FileHugePages:         0 kB
FilePmdMapped:         0 kB
Unaccepted:            0 kB
HugePages_Total:       0
HugePages_Free:        0
HugePages_Rsvd:        0
HugePages_Surp:        0
Hugepagesize:       2048 kB
Hugetlb:               0 kB
DirectMap4k:      365184 kB
DirectMap2M:     4790272 kB
DirectMap1G:     3145728 kB
