MemTotal:        8043496 kB
MemFree:         4118676 kB
MemAvailable:    5792828 kB
Buffers:           88288 kB
Cached:          1541696 kB
SwapCached:        78112 kB
Active:          1377740 kB
Inactive:        1638892 kB
Active(anon):     907880 kB
Inactive(anon):   594876 kB
Active(file):     469860 kB
Inactive(file):  1044016 kB
Unevictable:       57196 kB
Mlocked:             128 kB
SwapTotal:       4194300 kB
SwapFree:        3625172 kB
Zswap:                 0 kB
Zswapped:              0 kB
Dirty:                16 kB
Writeback:             0 kB
AnonPages:       1432040 kB
Mapped:           161724 kB
Shmem:            116220 kB
KReclaimable:     468712 kB
Slab:             642364 kB
SReclaimable:     468712 kB
SUnreclaim:       173652 kB
KernelStack:        9584 kB
PageTables:        24004 kB
SecPageTables:         0 kB
NFS_Unstable:          0 kB
Bounce:                0 kB
WritebackTmp:          0 kB
CommitLimit:     8216048 kB
Committed_AS:    6298604 kB
VmallocTotal:   34359738367 kB
VmallocUsed:      107456 kB
VmallocChunk:          0 kB
Percpu:             4048 kB
HardwareCorrupted:     0 kB
AnonHugePages:         0 kB
ShmemHugePages:        0 kB
ShmemPmdMapped:        0 kB
FileHugePages:         0 kB
FilePmdMapped:         0 kB
Unaccepted:            0 kB
HugePages_Total:       0
HugePages_Free:        0
HugePages_Rsvd:        0
HugePages_Surp:        0
Hugepagesize:       2048 kB
Hugetlb:               0 kB
DirectMap4k:      588416 kB
DirectMap2M:     5615616 kB
DirectMap1G:     2097152 kB
