MemTotal:        8043492 kB
MemFree:         4780784 kB
MemAvailable:    6420880 kB
Buffers:           59572 kB
Cached:          1971552 kB
SwapCached:            0 kB
Active:          1933976 kB
Inactive:         491636 kB
Active(anon):     594568 kB
Inactive(anon):        0 kB
Active(file):    1339408 kB
Inactive(file):   491636 kB
Unevictable:      192900 kB
Mlocked:               0 kB
SwapTotal:       4194300 kB
SwapFree:        4194300 kB
Zswap:                 0 kB
Zswapped:              0 kB
Dirty:               140 kB
Writeback:             0 kB
AnonPages:        587388 kB
Mapped:           406284 kB
Shmem:            200080 kB
KReclaimable:      65780 kB
Slab:             202288 kB
SReclaimable:      65780 kB
SUnreclaim:       136508 kB
KernelStack:        9312 kB
PageTables:        20296 kB
SecPageTables:         0 kB
NFS_Unstable:          0 kB
Bounce:                0 kB
WritebackTmp:          0 kB
CommitLimit:     8216044 kB
Committed_AS:    4686492 kB
VmallocTotal:   34359738367 kB
VmallocUsed:      106900 kB
VmallocChunk:          0 kB
Percpu:             3584 kB
HardwareCorrupted:     0 kB
AnonHugePages:         0 kB
ShmemHugePages:        0 kB
ShmemPmdMapped:        0 kB
FileHugePages:         0 kB
FilePmdMapped:         0 kB
Unaccepted:            0 kB
HugePages_Total:       0
HugePages_Free:        0
HugePages_Rsvd:        0
HugePages_Surp:        0
Hugepagesize:       2048 kB
Hugetlb:               0 kB
DirectMap4k:      336512 kB
DirectMap2M:     3770368 kB
DirectMap1G:     4194304 kB
