MemTotal:        8043500 kB
MemFree:         3662876 kB
MemAvailable:    6551648 kB
Buffers:          199272 kB
Cached:          2840880 kB
SwapCached:            0 kB
Active:          2115112 kB
Inactive:        1333772 kB
Active(anon):     619936 kB
Inactive(anon):        0 kB
Active(file):    1495176 kB
Inactive(file):  1333772 kB
Unevictable:      204076 kB
Mlocked:              80 kB
SwapTotal:       4194300 kB
SwapFree:        4194300 kB
Zswap:                 0 kB
Zswapped:              0 kB
Dirty:                48 kB
Writeback:             0 kB
AnonPages:        612820 kB
Mapped:           415836 kB
Shmem:            211196 kB
KReclaimable:     368260 kB
Slab:             522664 kB
SReclaimable:     368260 kB
SUnreclaim:       154404 kB
KernelStack:        9552 kB
PageTables:        20952 kB
SecPageTables:         0 kB
NFS_Unstable:          0 kB
Bounce:                0 kB
WritebackTmp:          0 kB
CommitLimit:     8216048 kB
Committed_AS:    4779416 kB
VmallocTotal:   34359738367 kB
VmallocUsed:      107236 kB
VmallocChunk:          0 kB
Percpu:             3664 kB
HardwareCorrupted:     0 kB
AnonHugePages:         0 kB
ShmemHugePages:        0 kB
ShmemPmdMapped:        0 kB
FileHugePages:         0 kB
FilePmdMapped:         0 kB
Unaccepted:            0 kB
HugePages_Total:       0
HugePages_Free:        0
HugePages_Rsvd:        0
HugePages_Surp:        0
Hugepagesize:       2048 kB
Hugetlb:               0 kB
DirectMap4k:      395904 kB
DirectMap2M:     7905280 kB
DirectMap1G:           0 kB
