MemTotal:        8043488 kB
MemFree:         6720964 kB
MemAvailable:    7447488 kB
Buffers:           28240 kB
Cached:           904168 kB
SwapCached:         2168 kB
Active:           103120 kB
Inactive:         916632 kB
Active(anon):      39544 kB
Inactive(anon):    62556 kB
Active(file):      63576 kB
Inactive(file):   854076 kB
Unevictable:       27624 kB
Mlocked:           27508 kB
SwapTotal:       4194300 kB
SwapFree:        4188412 kB
Zswap:                 0 kB
Zswapped:              0 kB
Dirty:               248 kB
Writeback:             0 kB
AnonPages:        113504 kB
Mapped:            95336 kB
Shmem:              6004 kB
KReclaimable:      65440 kB
Slab:             141084 kB
SReclaimable:      65440 kB
SUnreclaim:        75644 kB
KernelStack:        3008 kB
PageTables:         4988 kB
SecPageTables:         0 kB
NFS_Unstable:          0 kB
Bounce:                0 kB
WritebackTmp:          0 kB
CommitLimit:     8216044 kB
Committed_AS:     808572 kB
VmallocTotal:   34359738367 kB
VmallocUsed:       32788 kB
VmallocChunk:          0 kB
Percpu:             2944 kB
HardwareCorrupted:     0 kB
AnonHugePages:         0 kB
ShmemHugePages:        0 kB
ShmemPmdMapped:        0 kB
FileHugePages:         0 kB
FilePmdMapped:         0 kB
Unaccepted:            0 kB
HugePages_Total:       0
HugePages_Free:        0
HugePages_Rsvd:        0
HugePages_Surp:        0
Hugepagesize:       2048 kB
Hugetlb:               0 kB
DirectMap4k:      131712 kB
DirectMap2M:     3975168 kB
DirectMap1G:     4194304 kB
