MemTotal:        8043488 kB
MemFree:         6709712 kB
MemAvailable:    7471008 kB
Buffers:           30924 kB
Cached:           937000 kB
SwapCached:         6212 kB
Active:           227520 kB
Inactive:         820528 kB
Active(anon):      69636 kB
Inactive(anon):    24492 kB
Active(file):     157884 kB
Inactive(file):   796036 kB
Unevictable:       27624 kB
Mlocked:           27508 kB
SwapTotal:       4194300 kB
SwapFree:        4158204 kB
Zswap:                 0 kB
Zswapped:              0 kB
Dirty:               164 kB
Writeback:             0 kB
AnonPages:        102820 kB
Mapped:            90144 kB
Shmem:              5236 kB
KReclaimable:      62444 kB
Slab:             138844 kB
SReclaimable:      62444 kB
SUnreclaim:        76400 kB
KernelStack:        3088 kB
PageTables:         5532 kB
SecPageTables:         0 kB
NFS_Unstable:          0 kB
Bounce:                0 kB
WritebackTmp:          0 kB
CommitLimit:     8216044 kB
Committed_AS:     926032 kB
VmallocTotal:   34359738367 kB
VmallocUsed:       32916 kB
VmallocChunk:          0 kB
Percpu:             2944 kB
HardwareCorrupted:     0 kB
AnonHugePages:         0 kB
ShmemHugePages:        0 kB
ShmemPmdMapped:        0 kB
FileHugePages:         0 kB
FilePmdMapped:         0 kB
Unaccepted:            0 kB
HugePages_Total:       0
HugePages_Free:        0
HugePages_Rsvd:        0
HugePages_Surp:        0
Hugepagesize:       2048 kB
Hugetlb:               0 kB
DirectMap4k:      131712 kB
DirectMap2M:     3975168 kB
DirectMap1G:     4194304 kB
