MemTotal:        8043488 kB
MemFree:         6380104 kB
MemAvailable:    7075336 kB
Buffers:           59444 kB
Cached:           802516 kB
SwapCached:            0 kB
Active:           619032 kB
Inactive:         672256 kB
Active(anon):     414964 kB
Inactive(anon):    29984 kB
Active(file):     204068 kB
Inactive(file):   642272 kB
Unevictable:       27624 kB
Mlocked:           27508 kB
SwapTotal:       4194300 kB
SwapFree:        4194044 kB
Zswap:                 0 kB
Zswapped:              0 kB
Dirty:                88 kB
Writeback:             0 kB
AnonPages:        456884 kB
Mapped:           103872 kB
Shmem:              6868 kB
KReclaimable:     145476 kB
Slab:             231956 kB
SReclaimable:     145476 kB
SUnreclaim:        86480 kB
KernelStack:        3008 kB
PageTables:         6420 kB
SecPageTables:         0 kB
NFS_Unstable:          0 kB
Bounce:                0 kB
WritebackTmp:          0 kB
CommitLimit:     8216044 kB
Committed_AS:    1509548 kB
VmallocTotal:   34359738367 kB
VmallocUsed:       32836 kB
VmallocChunk:          0 kB
Percpu:             3184 kB
HardwareCorrupted:     0 kB
AnonHugePages:         0 kB
ShmemHugePages:        0 kB
ShmemPmdMapped:        0 kB
FileHugePages:         0 kB
FilePmdMapped:         0 kB
Unaccepted:            0 kB
HugePages_Total:       0
HugePages_Free:        0
HugePages_Rsvd:        0
HugePages_Surp:        0
Hugepagesize:       2048 kB
Hugetlb:               0 kB
DirectMap4k:      162432 kB
DirectMap2M:     3944448 kB
DirectMap1G:     4194304 kB
