MemTotal:        8043496 kB
MemFree:         2659584 kB
MemAvailable:    5979916 kB
Buffers:          108180 kB
Cached:          3117952 kB
SwapCached:        78396 kB
Active:          1254052 kB
Inactive:        3175004 kB
Active(anon):     723096 kB
Inactive(anon):   579584 kB
Active(file):     530956 kB
Inactive(file):  2595420 kB
Unevictable:       40748 kB
Mlocked:              80 kB
SwapTotal:       4194300 kB
SwapFree:        3626708 kB
Zswap:                 0 kB
Zswapped:              0 kB
Dirty:                48 kB
Writeback:             0 kB
AnonPages:       1232172 kB
Mapped:           165856 kB
Shmem:             99756 kB
KReclaimable:     502392 kB
Slab:             676268 kB
SReclaimable:     502392 kB
SUnreclaim:       173876 kB
KernelStack:        9680 kB
PageTables:        24164 kB
SecPageTables:         0 kB
NFS_Unstable:          0 kB
Bounce:                0 kB
WritebackTmp:          0 kB
CommitLimit:     8216048 kB
Committed_AS:    6318160 kB
VmallocTotal:   34359738367 kB
VmallocUsed:      107520 kB
VmallocChunk:          0 kB
Percpu:             4048 kB
HardwareCorrupted:     0 kB
AnonHugePages:         0 kB
ShmemHugePages:        0 kB
ShmemPmdMapped:        0 kB
FileHugePages:         0 kB
FilePmdMapped:         0 kB
Unaccepted:            0 kB
HugePages_Total:       0
HugePages_Free:        0
HugePages_Rsvd:        0
HugePages_Surp:        0
Hugepagesize:       2048 kB
Hugetlb:               0 kB
DirectMap4k:      604800 kB
DirectMap2M:     5599232 kB
DirectMap1G:     2097152 kB
