MemTotal:        8043500 kB
MemFree:         2954532 kB
MemAvailable:    6375280 kB
Buffers:          222132 kB
Cached:          3318232 kB
SwapCached:            0 kB
Active:          2294908 kB
Inactive:        1817792 kB
Active(anon):     783784 kB
Inactive(anon):        0 kB
Active(file):    1511124 kB
Inactive(file):  1817792 kB
Unevictable:      204268 kB
Mlocked:              80 kB
SwapTotal:       4194300 kB
SwapFree:        4194300 kB
Zswap:                 0 kB
Zswapped:              0 kB
Dirty:               116 kB
Writeback:             0 kB
AnonPages:        776604 kB
Mapped:           416116 kB
Shmem:            211448 kB
KReclaimable:     400268 kB
Slab:             558084 kB
SReclaimable:     400268 kB
SUnreclaim:       157816 kB
KernelStack:        9520 kB
PageTables:        21432 kB
SecPageTables:         0 kB
NFS_Unstable:          0 kB
Bounce:                0 kB
WritebackTmp:          0 kB
CommitLimit:     8216048 kB
Committed_AS:    4929976 kB
VmallocTotal:   34359738367 kB
VmallocUsed:      107256 kB
VmallocChunk:          0 kB
Percpu:             3760 kB
HardwareCorrupted:     0 kB
AnonHugePages:         0 kB
ShmemHugePages:        0 kB
ShmemPmdMapped:        0 kB
FileHugePages:         0 kB
FilePmdMapped:         0 kB
Unaccepted:            0 kB
HugePages_Total:       0
HugePages_Free:        0
HugePages_Rsvd:        0
HugePages_Surp:        0
Hugepagesize:       2048 kB
Hugetlb:               0 kB
DirectMap4k:      408192 kB
DirectMap2M:     7892992 kB
DirectMap1G:           0 kB
