MemTotal:        8043488 kB
MemFree:          249960 kB
MemAvailable:    6109448 kB
Buffers:           78268 kB
Cached:          5813492 kB
SwapCached:            0 kB
Active:          1957008 kB
Inactive:        5287736 kB
Active(anon):    1368388 kB
Inactive(anon):      236 kB
Active(file):     588620 kB
Inactive(file):  5287500 kB
Unevictable:       27624 kB
Mlocked:           27508 kB
SwapTotal:       4194300 kB
SwapFree:        4194300 kB
Zswap:                 0 kB
Zswapped:              0 kB
Dirty:                12 kB
Writeback:             0 kB
AnonPages:       1380620 kB
Mapped:           165520 kB
Shmem:              6908 kB
KReclaimable:     291816 kB
Slab:             393760 kB
SReclaimable:     291816 kB
SUnreclaim:       101944 kB
KernelStack:        4160 kB
PageTables:        21920 kB
SecPageTables:         0 kB
NFS_Unstable:          0 kB
Bounce:                0 kB
WritebackTmp:          0 kB
CommitLimit:     8216044 kB
Committed_AS:    2085716 kB
VmallocTotal:   34359738367 kB
VmallocUsed:       34052 kB
VmallocChunk:          0 kB
Percpu:             3184 kB
HardwareCorrupted:     0 kB
AnonHugePages:         0 kB
ShmemHugePages:        0 kB
ShmemPmdMapped:        0 kB
FileHugePages:         0 kB
FilePmdMapped:         0 kB
Unaccepted:            0 kB
HugePages_Total:       0
HugePages_Free:        0
HugePages_Rsvd:        0
HugePages_Surp:        0
Hugepagesize:       2048 kB
Hugetlb:               0 kB
DirectMap4k:      162432 kB
DirectMap2M:     3944448 kB
DirectMap1G:     4194304 kB
