MemTotal:        8043496 kB
MemFree:         4527108 kB
MemAvailable:    5970756 kB
Buffers:           83684 kB
Cached:          1299564 kB
SwapCached:        77796 kB
Active:          1086684 kB
Inactive:        1546088 kB
Active(anon):     748464 kB
Inactive(anon):   600804 kB
Active(file):     338220 kB
Inactive(file):   945284 kB
Unevictable:       32428 kB
Mlocked:              80 kB
SwapTotal:       4194300 kB
SwapFree:        3624148 kB
Zswap:                 0 kB
Zswapped:              0 kB
Dirty:               152 kB
Writeback:             0 kB
AnonPages:       1270668 kB
Mapped:           160172 kB
Shmem:             99740 kB
KReclaimable:     468580 kB
Slab:             642488 kB
SReclaimable:     468580 kB
SUnreclaim:       173908 kB
KernelStack:        9632 kB
PageTables:        24036 kB
SecPageTables:         0 kB
NFS_Unstable:          0 kB
Bounce:                0 kB
WritebackTmp:          0 kB
CommitLimit:     8216048 kB
Committed_AS:    6281696 kB
VmallocTotal:   34359738367 kB
VmallocUsed:      107488 kB
VmallocChunk:          0 kB
Percpu:             4048 kB
HardwareCorrupted:     0 kB
AnonHugePages:         0 kB
ShmemHugePages:        0 kB
ShmemPmdMapped:        0 kB
FileHugePages:         0 kB
FilePmdMapped:         0 kB
Unaccepted:            0 kB
HugePages_Total:       0
HugePages_Free:        0
HugePages_Rsvd:        0
HugePages_Surp:        0
Hugepagesize:       2048 kB
Hugetlb:               0 kB
DirectMap4k:      588416 kB
DirectMap2M:     5615616 kB
DirectMap1G:     2097152 kB
