MemTotal:        8043496 kB
MemFree:         6855484 kB
MemAvailable:    7476656 kB
Buffers:           66648 kB
Cached:           755244 kB
SwapCached:            0 kB
Active:           609668 kB
Inactive:         287284 kB
Active(anon):      90616 kB
Inactive(anon):        0 kB
Active(file):     519052 kB
Inactive(file):   287284 kB
Unevictable:       27560 kB
Mlocked:           27444 kB
SwapTotal:       4194300 kB
SwapFree:        4194300 kB
Zswap:                 0 kB
Zswapped:              0 kB
Dirty:                 8 kB
Writeback:             0 kB
AnonPages:        102628 kB
Mapped:            86664 kB
Shmem:              6796 kB
KReclaimable:      77368 kB
Slab:             152744 kB
SReclaimable:      77368 kB
SUnreclaim:        75376 kB
KernelStack:        2976 kB
PageTables:         4936 kB
SecPageTables:         0 kB
NFS_Unstable:          0 kB
Bounce:                0 kB
WritebackTmp:          0 kB
CommitLimit:     8216048 kB
Committed_AS:     697004 kB
VmallocTotal:   34359738367 kB
VmallocUsed:       32524 kB
VmallocChunk:          0 kB
Percpu:             2672 kB
HardwareCorrupted:     0 kB
AnonHugePages:         0 kB
ShmemHugePages:        0 kB
ShmemPmdMapped:        0 kB
FileHugePages:         0 kB
FilePmdMapped:         0 kB
Unaccepted:            0 kB
HugePages_Total:       0
HugePages_Free:        0
HugePages_Rsvd:        0
HugePages_Surp:        0
Hugepagesize:       2048 kB
Hugetlb:               0 kB
DirectMap4k:      137856 kB
DirectMap2M:     3969024 kB
DirectMap1G:     4194304 kB
