MemTotal:        8043496 kB
MemFree:         4407196 kB
MemAvailable:    7504436 kB
Buffers:           27656 kB
Cached:          3256512 kB
SwapCached:         6988 kB
Active:           150668 kB
Inactive:        3194848 kB
Active(anon):      57720 kB
Inactive(anon):    15056 kB
Active(file):      92948 kB
Inactive(file):  3179792 kB
Unevictable:       27560 kB
Mlocked:           27444 kB
SwapTotal:       4194300 kB
SwapFree:        4141820 kB
Zswap:                 0 kB
Zswapped:              0 kB
Dirty:                32 kB
Writeback:             4 kB
AnonPages:         86104 kB
Mapped:            81436 kB
Shmem:              2672 kB
KReclaimable:      96692 kB
Slab:             174276 kB
SReclaimable:      96692 kB
SUnreclaim:        77584 kB
KernelStack:        3104 kB
PageTables:         5460 kB
SecPageTables:         0 kB
NFS_Unstable:          0 kB
Bounce:                0 kB
WritebackTmp:          0 kB
CommitLimit:     8216048 kB
Committed_AS:     907596 kB
VmallocTotal:   34359738367 kB
VmallocUsed:       32980 kB
VmallocChunk:          0 kB
Percpu:             2816 kB
HardwareCorrupted:     0 kB
AnonHugePages:         0 kB
ShmemHugePages:        0 kB
ShmemPmdMapped:        0 kB
FileHugePages:         0 kB
FilePmdMapped:         0 kB
Unaccepted:            0 kB
HugePages_Total:       0
HugePages_Free:        0
HugePages_Rsvd:        0
HugePages_Surp:        0
Hugepagesize:       2048 kB
Hugetlb:               0 kB
DirectMap4k:      156288 kB
DirectMap2M:     4999168 kB
DirectMap1G:     3145728 kB
