MemTotal:        8043488 kB
MemFree:         6487856 kB
MemAvailable:    7455244 kB
Buffers:           39140 kB
Cached:          1132896 kB
SwapCached:         2184 kB
Active:           116684 kB
Inactive:        1144980 kB
Active(anon):      42844 kB
Inactive(anon):    61548 kB
Active(file):      73840 kB
Inactive(file):  1083432 kB
Unevictable:       27624 kB
Mlocked:           27508 kB
SwapTotal:       4194300 kB
SwapFree:        4188668 kB
Zswap:                 0 kB
Zswapped:              0 kB
Dirty:               208 kB
Writeback:             0 kB
AnonPages:        115756 kB
Mapped:            96536 kB
Shmem:              6012 kB
KReclaimable:      67924 kB
Slab:             143320 kB
SReclaimable:      67924 kB
SUnreclaim:        75396 kB
KernelStack:        2960 kB
PageTables:         5112 kB
SecPageTables:         0 kB
NFS_Unstable:          0 kB
Bounce:                0 kB
WritebackTmp:          0 kB
CommitLimit:     8216044 kB
Committed_AS:     810592 kB
VmallocTotal:   34359738367 kB
VmallocUsed:       32740 kB
VmallocChunk:          0 kB
Percpu:             2944 kB
HardwareCorrupted:     0 kB
AnonHugePages:         0 kB
ShmemHugePages:        0 kB
ShmemPmdMapped:        0 kB
FileHugePages:         0 kB
FilePmdMapped:         0 kB
Unaccepted:            0 kB
HugePages_Total:       0
HugePages_Free:        0
HugePages_Rsvd:        0
HugePages_Surp:        0
Hugepagesize:       2048 kB
Hugetlb:               0 kB
DirectMap4k:      131712 kB
DirectMap2M:     3975168 kB
DirectMap1G:     4194304 kB
