MemTotal:        8043488 kB
MemFree:          891404 kB
MemAvailable:    6752972 kB
Buffers:           79772 kB
Cached:          5814136 kB
SwapCached:            0 kB
Active:          1339704 kB
Inactive:        5289780 kB
Active(anon):     751060 kB
Inactive(anon):      156 kB
Active(file):     588644 kB
Inactive(file):  5289624 kB
Unevictable:       27624 kB
Mlocked:           27508 kB
SwapTotal:       4194300 kB
SwapFree:        4194300 kB
Zswap:                 0 kB
Zswapped:              0 kB
Dirty:                40 kB
Writeback:             0 kB
AnonPages:        763220 kB
Mapped:           108004 kB
Shmem:              6888 kB
KReclaimable:     291748 kB
Slab:             391612 kB
SReclaimable:     291748 kB
SUnreclaim:        99864 kB
KernelStack:        3120 kB
PageTables:         6772 kB
SecPageTables:         0 kB
NFS_Unstable:          0 kB
Bounce:                0 kB
WritebackTmp:          0 kB
CommitLimit:     8216044 kB
Committed_AS:    1518944 kB
VmallocTotal:   34359738367 kB
VmallocUsed:       32996 kB
VmallocChunk:          0 kB
Percpu:             3184 kB
HardwareCorrupted:     0 kB
AnonHugePages:         0 kB
ShmemHugePages:        0 kB
ShmemPmdMapped:        0 kB
FileHugePages:         0 kB
FilePmdMapped:         0 kB
Unaccepted:            0 kB
HugePages_Total:       0
HugePages_Free:        0
HugePages_Rsvd:        0
HugePages_Surp:        0
Hugepagesize:       2048 kB
Hugetlb:               0 kB
DirectMap4k:      162432 kB
DirectMap2M:     3944448 kB
DirectMap1G:     4194304 kB
