MemTotal:        8043496 kB
MemFree:         4225640 kB
MemAvailable:    5859936 kB
Buffers:           69376 kB
Cached:          1977572 kB
SwapCached:            0 kB
Active:          2535424 kB
Inactive:         621576 kB
Active(anon):    1333552 kB
Inactive(anon):        0 kB
Active(file):    1201872 kB
Inactive(file):   621576 kB
Unevictable:      216352 kB
Mlocked:              80 kB
SwapTotal:       4194300 kB
SwapFree:        4194300 kB
Zswap:                 0 kB
Zswapped:              0 kB
Dirty:               148 kB
Writeback:             0 kB
AnonPages:       1326452 kB
Mapped:           474704 kB
Shmem:            223516 kB
KReclaimable:      69376 kB
Slab:             215028 kB
SReclaimable:      69376 kB
SUnreclaim:       145652 kB
KernelStack:       10800 kB
PageTables:        35976 kB
SecPageTables:         0 kB
NFS_Unstable:          0 kB
Bounce:                0 kB
WritebackTmp:          0 kB
CommitLimit:     8216048 kB
Committed_AS:    5735836 kB
VmallocTotal:   34359738367 kB
VmallocUsed:      108952 kB
VmallocChunk:          0 kB
Percpu:             3760 kB
HardwareCorrupted:     0 kB
AnonHugePages:         0 kB
ShmemHugePages:        0 kB
ShmemPmdMapped:        0 kB
FileHugePages:         0 kB
FilePmdMapped:         0 kB
Unaccepted:            0 kB
HugePages_Total:       0
HugePages_Free:        0
HugePages_Rsvd:        0
HugePages_Surp:        0
Hugepagesize:       2048 kB
Hugetlb:               0 kB
DirectMap4k:      354944 kB
DirectMap2M:     6897664 kB
DirectMap1G:     1048576 kB
