MemTotal:        8043488 kB
MemFree:         4529848 kB
MemAvailable:    7446620 kB
Buffers:           81616 kB
Cached:          3028740 kB
SwapCached:            0 kB
Active:           864028 kB
Inactive:        2330716 kB
Active(anon):      99952 kB
Inactive(anon):        0 kB
Active(file):     764076 kB
Inactive(file):  2330716 kB
Unevictable:       27624 kB
Mlocked:           27508 kB
SwapTotal:       4194300 kB
SwapFree:        4194300 kB
Zswap:                 0 kB
Zswapped:              0 kB
Dirty:               128 kB
Writeback:             0 kB
AnonPages:        112076 kB
Mapped:           105480 kB
Shmem:              6812 kB
KReclaimable:      91656 kB
Slab:             169648 kB
SReclaimable:      91656 kB
SUnreclaim:        77992 kB
KernelStack:        2960 kB
PageTables:         4956 kB
SecPageTables:         0 kB
NFS_Unstable:          0 kB
Bounce:                0 kB
WritebackTmp:          0 kB
CommitLimit:     8216044 kB
Committed_AS:     804248 kB
VmallocTotal:   34359738367 kB
VmallocUsed:       32740 kB
VmallocChunk:          0 kB
Percpu:             2848 kB
HardwareCorrupted:     0 kB
AnonHugePages:         0 kB
ShmemHugePages:        0 kB
ShmemPmdMapped:        0 kB
FileHugePages:         0 kB
FilePmdMapped:         0 kB
Unaccepted:            0 kB
HugePages_Total:       0
HugePages_Free:        0
HugePages_Rsvd:        0
HugePages_Surp:        0
Hugepagesize:       2048 kB
Hugetlb:               0 kB
DirectMap4k:      131712 kB
DirectMap2M:     3975168 kB
DirectMap1G:     4194304 kB
