MemTotal:        8043488 kB
MemFree:         4357540 kB
MemAvailable:    7439888 kB
Buffers:           45164 kB
Cached:          3227420 kB
SwapCached:         2184 kB
Active:           121492 kB
Inactive:        3242864 kB
Active(anon):      45312 kB
Inactive(anon):    61228 kB
Active(file):      76180 kB
Inactive(file):  3181636 kB
Unevictable:       27624 kB
Mlocked:           27508 kB
SwapTotal:       4194300 kB
SwapFree:        4188668 kB
Zswap:                 0 kB
Zswapped:              0 kB
Dirty:               212 kB
Writeback:            12 kB
AnonPages:        117948 kB
Mapped:            98880 kB
Shmem:              6012 kB
KReclaimable:      96756 kB
Slab:             175648 kB
SReclaimable:      96756 kB
SUnreclaim:        78892 kB
KernelStack:        2944 kB
PageTables:         5264 kB
SecPageTables:         0 kB
NFS_Unstable:          0 kB
Bounce:                0 kB
WritebackTmp:          0 kB
CommitLimit:     8216044 kB
Committed_AS:     910160 kB
VmallocTotal:   34359738367 kB
VmallocUsed:       32724 kB
VmallocChunk:          0 kB
Percpu:             2944 kB
HardwareCorrupted:     0 kB
AnonHugePages:         0 kB
ShmemHugePages:        0 kB
ShmemPmdMapped:        0 kB
FileHugePages:         0 kB
FilePmdMapped:         0 kB
Unaccepted:            0 kB
HugePages_Total:       0
HugePages_Free:        0
HugePages_Rsvd:        0
HugePages_Surp:        0
Hugepagesize:       2048 kB
Hugetlb:               0 kB
DirectMap4k:      131712 kB
DirectMap2M:     3975168 kB
DirectMap1G:     4194304 kB
