MemTotal:        8043492 kB
MemFree:         5193268 kB
MemAvailable:    7418352 kB
Buffers:          110440 kB
Cached:          2289800 kB
SwapCached:            0 kB
Active:           901024 kB
Inactive:        1587728 kB
Active(anon):     104140 kB
Inactive(anon):        0 kB
Active(file):     796884 kB
Inactive(file):  1587728 kB
Unevictable:       27624 kB
Mlocked:           27508 kB
SwapTotal:       4194300 kB
SwapFree:        4194300 kB
Zswap:                 0 kB
Zswapped:              0 kB
Dirty:                16 kB
Writeback:            12 kB
AnonPages:        116188 kB
Mapped:           107180 kB
Shmem:              6876 kB
KReclaimable:     128636 kB
Slab:             209632 kB
SReclaimable:     128636 kB
SUnreclaim:        80996 kB
KernelStack:        2960 kB
PageTables:         5228 kB
SecPageTables:         0 kB
NFS_Unstable:          0 kB
Bounce:                0 kB
WritebackTmp:          0 kB
CommitLimit:     8216044 kB
Committed_AS:     917300 kB
VmallocTotal:   34359738367 kB
VmallocUsed:       33784 kB
VmallocChunk:          0 kB
Percpu:             3456 kB
HardwareCorrupted:     0 kB
AnonHugePages:         0 kB
ShmemHugePages:        0 kB
ShmemPmdMapped:        0 kB
FileHugePages:         0 kB
FilePmdMapped:         0 kB
Unaccepted:            0 kB
HugePages_Total:       0
HugePages_Free:        0
HugePages_Rsvd:        0
HugePages_Surp:        0
Hugepagesize:       2048 kB
Hugetlb:               0 kB
DirectMap4k:      168576 kB
DirectMap2M:     4986880 kB
DirectMap1G:     3145728 kB
