MemTotal:        8043496 kB
MemFree:         3626716 kB
MemAvailable:    7435552 kB
Buffers:           39832 kB
Cached:          3947520 kB
SwapCached:         2716 kB
Active:           248304 kB
Inactive:        3818912 kB
Active(anon):      32612 kB
Inactive(anon):    62052 kB
Active(file):     215692 kB
Inactive(file):  3756860 kB
Unevictable:       27560 kB
Mlocked:           27444 kB
SwapTotal:       4194300 kB
SwapFree:        4187644 kB
Zswap:                 0 kB
Zswapped:              0 kB
Dirty:               132 kB
Writeback:             0 kB
AnonPages:        105572 kB
Mapped:            85784 kB
Shmem:              6048 kB
KReclaimable:     120264 kB
Slab:             199772 kB
SReclaimable:     120264 kB
SUnreclaim:        79508 kB
KernelStack:        2928 kB
PageTables:         4892 kB
SecPageTables:         0 kB
NFS_Unstable:          0 kB
Bounce:                0 kB
WritebackTmp:          0 kB
CommitLimit:     8216048 kB
Committed_AS:     784152 kB
VmallocTotal:   34359738367 kB
VmallocUsed:       32708 kB
VmallocChunk:          0 kB
Percpu:             2816 kB
HardwareCorrupted:     0 kB
AnonHugePages:         0 kB
ShmemHugePages:        0 kB
ShmemPmdMapped:        0 kB
FileHugePages:         0 kB
FilePmdMapped:         0 kB
Unaccepted:            0 kB
HugePages_Total:       0
HugePages_Free:        0
HugePages_Rsvd:        0
HugePages_Surp:        0
Hugepagesize:       2048 kB
Hugetlb:               0 kB
DirectMap4k:      156288 kB
DirectMap2M:     4999168 kB
DirectMap1G:     3145728 kB
