MemTotal:        8043496 kB
MemFree:         4077920 kB
MemAvailable:    5785400 kB
Buffers:           90156 kB
Cached:          1573352 kB
SwapCached:        78056 kB
Active:          1380284 kB
Inactive:        1669168 kB
Active(anon):     907316 kB
Inactive(anon):   594720 kB
Active(file):     472968 kB
Inactive(file):  1074448 kB
Unevictable:       57084 kB
Mlocked:              80 kB
SwapTotal:       4194300 kB
SwapFree:        3625940 kB
Zswap:                 0 kB
Zswapped:              0 kB
Dirty:              2036 kB
Writeback:             0 kB
AnonPages:       1431528 kB
Mapped:           161704 kB
Shmem:            116092 kB
KReclaimable:     468500 kB
Slab:             642292 kB
SReclaimable:     468500 kB
SUnreclaim:       173792 kB
KernelStack:        9536 kB
PageTables:        23948 kB
SecPageTables:         0 kB
NFS_Unstable:          0 kB
Bounce:                0 kB
WritebackTmp:          0 kB
CommitLimit:     8216048 kB
Committed_AS:    6298696 kB
VmallocTotal:   34359738367 kB
VmallocUsed:      107408 kB
VmallocChunk:          0 kB
Percpu:             4048 kB
HardwareCorrupted:     0 kB
AnonHugePages:         0 kB
ShmemHugePages:        0 kB
ShmemPmdMapped:        0 kB
FileHugePages:         0 kB
FilePmdMapped:         0 kB
Unaccepted:            0 kB
HugePages_Total:       0
HugePages_Free:        0
HugePages_Rsvd:        0
HugePages_Surp:        0
Hugepagesize:       2048 kB
Hugetlb:               0 kB
DirectMap4k:      592512 kB
DirectMap2M:     5611520 kB
DirectMap1G:     2097152 kB
