MemTotal:        8043480 kB
MemFree:         4356024 kB
MemAvailable:    6381856 kB
Buffers:           74780 kB
Cached:          2308372 kB
SwapCached:          116 kB
Active:          1861356 kB
Inactive:        1337016 kB
Active(anon):    1010476 kB
Inactive(anon):      800 kB
Active(file):     850880 kB
Inactive(file):  1336216 kB
Unevictable:       29780 kB
Mlocked:              80 kB
SwapTotal:       4194300 kB
SwapFree:        4193788 kB
Zswap:                 0 kB
Zswapped:              0 kB
Dirty:                96 kB
Writeback:             0 kB
AnonPages:        844900 kB
Mapped:           415408 kB
Shmem:            196056 kB
KReclaimable:     125568 kB
Slab:             269492 kB
SReclaimable:     125568 kB
SUnreclaim:       143924 kB
KernelStack:        9600 kB
PageTables:        21540 kB
SecPageTables:         0 kB
NFS_Unstable:          0 kB
Bounce:                0 kB
WritebackTmp:          0 kB
CommitLimit:     8216040 kB
Committed_AS:    4990564 kB
VmallocTotal:   34359738367 kB
VmallocUsed:      107320 kB
VmallocChunk:          0 kB
Percpu:             3904 kB
HardwareCorrupted:     0 kB
AnonHugePages:         0 kB
ShmemHugePages:        0 kB
ShmemPmdMapped:        0 kB
FileHugePages:         0 kB
FilePmdMapped:         0 kB
Unaccepted:            0 kB
HugePages_Total:       0
HugePages_Free:        0
HugePages_Rsvd:        0
HugePages_Surp:        0
Hugepagesize:       2048 kB
Hugetlb:               0 kB
DirectMap4k:      397952 kB
DirectMap2M:     6854656 kB
DirectMap1G:     1048576 kB
