MemTotal:        8043496 kB
MemFree:         4734492 kB
MemAvailable:    7479312 kB
Buffers:           31392 kB
Cached:          2910308 kB
SwapCached:         2748 kB
Active:           245952 kB
Inactive:        2774788 kB
Active(anon):      31760 kB
Inactive(anon):    62080 kB
Active(file):     214192 kB
Inactive(file):  2712708 kB
Unevictable:       27560 kB
Mlocked:           27444 kB
SwapTotal:       4194300 kB
SwapFree:        4187644 kB
Zswap:                 0 kB
Zswapped:              0 kB
Dirty:               284 kB
Writeback:             0 kB
AnonPages:        104744 kB
Mapped:            85844 kB
Shmem:              6048 kB
KReclaimable:      83532 kB
Slab:             159848 kB
SReclaimable:      83532 kB
SUnreclaim:        76316 kB
KernelStack:        2928 kB
PageTables:         4972 kB
SecPageTables:         0 kB
NFS_Unstable:          0 kB
Bounce:                0 kB
WritebackTmp:          0 kB
CommitLimit:     8216048 kB
Committed_AS:     783240 kB
VmallocTotal:   34359738367 kB
VmallocUsed:       32708 kB
VmallocChunk:          0 kB
Percpu:             2816 kB
HardwareCorrupted:     0 kB
AnonHugePages:         0 kB
ShmemHugePages:        0 kB
ShmemPmdMapped:        0 kB
FileHugePages:         0 kB
FilePmdMapped:         0 kB
Unaccepted:            0 kB
HugePages_Total:       0
HugePages_Free:        0
HugePages_Rsvd:        0
HugePages_Surp:        0
Hugepagesize:       2048 kB
Hugetlb:               0 kB
DirectMap4k:      156288 kB
DirectMap2M:     4999168 kB
DirectMap1G:     3145728 kB
