MemTotal:        8043496 kB
MemFree:         4428428 kB
MemAvailable:    7493292 kB
Buffers:           28416 kB
Cached:          3223824 kB
SwapCached:         7020 kB
Active:           149520 kB
Inactive:        3162136 kB
Active(anon):      55880 kB
Inactive(anon):    14968 kB
Active(file):      93640 kB
Inactive(file):  3147168 kB
Unevictable:       27624 kB
Mlocked:           27508 kB
SwapTotal:       4194300 kB
SwapFree:        4141820 kB
Zswap:                 0 kB
Zswapped:              0 kB
Dirty:               176 kB
Writeback:             0 kB
AnonPages:         84208 kB
Mapped:            76612 kB
Shmem:              2680 kB
KReclaimable:      95808 kB
Slab:             173328 kB
SReclaimable:      95808 kB
SUnreclaim:        77520 kB
KernelStack:        3232 kB
PageTables:         5508 kB
SecPageTables:         0 kB
NFS_Unstable:          0 kB
Bounce:                0 kB
WritebackTmp:          0 kB
CommitLimit:     8216048 kB
Committed_AS:     931152 kB
VmallocTotal:   34359738367 kB
VmallocUsed:       33140 kB
VmallocChunk:          0 kB
Percpu:             2816 kB
HardwareCorrupted:     0 kB
AnonHugePages:         0 kB
ShmemHugePages:        0 kB
ShmemPmdMapped:        0 kB
FileHugePages:         0 kB
FilePmdMapped:         0 kB
Unaccepted:            0 kB
HugePages_Total:       0
HugePages_Free:        0
HugePages_Rsvd:        0
HugePages_Surp:        0
Hugepagesize:       2048 kB
Hugetlb:               0 kB
DirectMap4k:      156288 kB
DirectMap2M:     4999168 kB
DirectMap1G:     3145728 kB
