MemTotal:        8043492 kB
MemFree:         6278900 kB
MemAvailable:    7452596 kB
Buffers:          107144 kB
Cached:          1255488 kB
SwapCached:            0 kB
Active:           902848 kB
Inactive:         550820 kB
Active(anon):     106672 kB
Inactive(anon):        0 kB
Active(file):     796176 kB
Inactive(file):   550820 kB
Unevictable:       27624 kB
Mlocked:           27508 kB
SwapTotal:       4194300 kB
SwapFree:        4194300 kB
Zswap:                 0 kB
Zswapped:              0 kB
Dirty:                40 kB
Writeback:             0 kB
AnonPages:        118636 kB
Mapped:           107292 kB
Shmem:              6876 kB
KReclaimable:     101092 kB
Slab:             179132 kB
SReclaimable:     101092 kB
SUnreclaim:        78040 kB
KernelStack:        3120 kB
PageTables:         5296 kB
SecPageTables:         0 kB
NFS_Unstable:          0 kB
Bounce:                0 kB
WritebackTmp:          0 kB
CommitLimit:     8216044 kB
Committed_AS:     916960 kB
VmallocTotal:   34359738367 kB
VmallocUsed:       33928 kB
VmallocChunk:          0 kB
Percpu:             3456 kB
HardwareCorrupted:     0 kB
AnonHugePages:         0 kB
ShmemHugePages:        0 kB
ShmemPmdMapped:        0 kB
FileHugePages:         0 kB
FilePmdMapped:         0 kB
Unaccepted:            0 kB
HugePages_Total:       0
HugePages_Free:        0
HugePages_Rsvd:        0
HugePages_Surp:        0
Hugepagesize:       2048 kB
Hugetlb:               0 kB
DirectMap4k:      168576 kB
DirectMap2M:     4986880 kB
DirectMap1G:     3145728 kB
