MemTotal:        8043496 kB
MemFree:         4190636 kB
MemAvailable:    5825936 kB
Buffers:           69816 kB
Cached:          1978280 kB
SwapCached:            0 kB
Active:          2564388 kB
Inactive:         622104 kB
Active(anon):    1362088 kB
Inactive(anon):        0 kB
Active(file):    1202300 kB
Inactive(file):   622104 kB
Unevictable:      216536 kB
Mlocked:              80 kB
SwapTotal:       4194300 kB
SwapFree:        4194300 kB
Zswap:                 0 kB
Zswapped:              0 kB
Dirty:               144 kB
Writeback:             0 kB
AnonPages:       1354940 kB
Mapped:           474712 kB
Shmem:            223708 kB
KReclaimable:      69472 kB
Slab:             215092 kB
SReclaimable:      69472 kB
SUnreclaim:       145620 kB
KernelStack:       10768 kB
PageTables:        36376 kB
SecPageTables:         0 kB
NFS_Unstable:          0 kB
Bounce:                0 kB
WritebackTmp:          0 kB
CommitLimit:     8216048 kB
Committed_AS:    5753424 kB
VmallocTotal:   34359738367 kB
VmallocUsed:      108920 kB
VmallocChunk:          0 kB
Percpu:             3760 kB
HardwareCorrupted:     0 kB
AnonHugePages:         0 kB
ShmemHugePages:        0 kB
ShmemPmdMapped:        0 kB
FileHugePages:         0 kB
FilePmdMapped:         0 kB
Unaccepted:            0 kB
HugePages_Total:       0
HugePages_Free:        0
HugePages_Rsvd:        0
HugePages_Surp:        0
Hugepagesize:       2048 kB
Hugetlb:               0 kB
DirectMap4k:      354944 kB
DirectMap2M:     6897664 kB
DirectMap1G:     1048576 kB
