MemTotal:        8043496 kB
MemFree:         4221348 kB
MemAvailable:    5799060 kB
Buffers:           86488 kB
Cached:          1447284 kB
SwapCached:        78616 kB
Active:          1376652 kB
Inactive:        1543200 kB
Active(anon):     907288 kB
Inactive(anon):   594888 kB
Active(file):     469364 kB
Inactive(file):   948312 kB
Unevictable:       57020 kB
Mlocked:              80 kB
SwapTotal:       4194300 kB
SwapFree:        3624148 kB
Zswap:                 0 kB
Zswapped:              0 kB
Dirty:               116 kB
Writeback:             0 kB
AnonPages:       1431576 kB
Mapped:           161716 kB
Shmem:            116092 kB
KReclaimable:     468472 kB
Slab:             642312 kB
SReclaimable:     468472 kB
SUnreclaim:       173840 kB
KernelStack:        9632 kB
PageTables:        24068 kB
SecPageTables:         0 kB
NFS_Unstable:          0 kB
Bounce:                0 kB
WritebackTmp:          0 kB
CommitLimit:     8216048 kB
Committed_AS:    6298132 kB
VmallocTotal:   34359738367 kB
VmallocUsed:      107488 kB
VmallocChunk:          0 kB
Percpu:             4048 kB
HardwareCorrupted:     0 kB
AnonHugePages:         0 kB
ShmemHugePages:        0 kB
ShmemPmdMapped:        0 kB
FileHugePages:         0 kB
FilePmdMapped:         0 kB
Unaccepted:            0 kB
HugePages_Total:       0
HugePages_Free:        0
HugePages_Rsvd:        0
HugePages_Surp:        0
Hugepagesize:       2048 kB
Hugetlb:               0 kB
DirectMap4k:      588416 kB
DirectMap2M:     5615616 kB
DirectMap1G:     2097152 kB
