MemTotal:        8043488 kB
MemFree:         6483732 kB
MemAvailable:    7452676 kB
Buffers:           39548 kB
Cached:          1134044 kB
SwapCached:         2184 kB
Active:           116908 kB
Inactive:        1146508 kB
Active(anon):      43040 kB
Inactive(anon):    61548 kB
Active(file):      73868 kB
Inactive(file):  1084960 kB
Unevictable:       27624 kB
Mlocked:           27508 kB
SwapTotal:       4194300 kB
SwapFree:        4188668 kB
Zswap:                 0 kB
Zswapped:              0 kB
Dirty:               212 kB
Writeback:             0 kB
AnonPages:        115996 kB
Mapped:            96676 kB
Shmem:              6012 kB
KReclaimable:      67928 kB
Slab:             143320 kB
SReclaimable:      67928 kB
SUnreclaim:        75392 kB
KernelStack:        2960 kB
PageTables:         5080 kB
SecPageTables:         0 kB
NFS_Unstable:          0 kB
Bounce:                0 kB
WritebackTmp:          0 kB
CommitLimit:     8216044 kB
Committed_AS:     810864 kB
VmallocTotal:   34359738367 kB
VmallocUsed:       32740 kB
VmallocChunk:          0 kB
Percpu:             2944 kB
HardwareCorrupted:     0 kB
AnonHugePages:         0 kB
ShmemHugePages:        0 kB
ShmemPmdMapped:        0 kB
FileHugePages:         0 kB
FilePmdMapped:         0 kB
Unaccepted:            0 kB
HugePages_Total:       0
HugePages_Free:        0
HugePages_Rsvd:        0
HugePages_Surp:        0
Hugepagesize:       2048 kB
Hugetlb:               0 kB
DirectMap4k:      131712 kB
DirectMap2M:     3975168 kB
DirectMap1G:     4194304 kB
