MemTotal:        8043488 kB
MemFree:          613196 kB
MemAvailable:    6693024 kB
Buffers:           84064 kB
Cached:          6024248 kB
SwapCached:            0 kB
Active:          1353556 kB
Inactive:        5491456 kB
Active(anon):     752192 kB
Inactive(anon):      156 kB
Active(file):     601364 kB
Inactive(file):  5491300 kB
Unevictable:       27624 kB
Mlocked:           27508 kB
SwapTotal:       4194300 kB
SwapFree:        4194300 kB
Zswap:                 0 kB
Zswapped:              0 kB
Dirty:                12 kB
Writeback:            44 kB
AnonPages:        764352 kB
Mapped:           107996 kB
Shmem:              6888 kB
KReclaimable:     299708 kB
Slab:             399892 kB
SReclaimable:     299708 kB
SUnreclaim:       100184 kB
KernelStack:        3088 kB
PageTables:         6708 kB
SecPageTables:         0 kB
NFS_Unstable:          0 kB
Bounce:                0 kB
WritebackTmp:          0 kB
CommitLimit:     8216044 kB
Committed_AS:    1519848 kB
VmallocTotal:   34359738367 kB
VmallocUsed:       32948 kB
VmallocChunk:          0 kB
Percpu:             3184 kB
HardwareCorrupted:     0 kB
AnonHugePages:         0 kB
ShmemHugePages:        0 kB
ShmemPmdMapped:        0 kB
FileHugePages:         0 kB
FilePmdMapped:         0 kB
Unaccepted:            0 kB
HugePages_Total:       0
HugePages_Free:        0
HugePages_Rsvd:        0
HugePages_Surp:        0
Hugepagesize:       2048 kB
Hugetlb:               0 kB
DirectMap4k:      162432 kB
DirectMap2M:     3944448 kB
DirectMap1G:     4194304 kB
