MemTotal:        8043496 kB
MemFree:         3968712 kB
MemAvailable:    6004500 kB
Buffers:           95300 kB
Cached:          1894948 kB
SwapCached:        78364 kB
Active:          1113588 kB
Inactive:        1987128 kB
Active(anon):     635948 kB
Inactive(anon):   590740 kB
Active(file):     477640 kB
Inactive(file):  1396388 kB
Unevictable:       57212 kB
Mlocked:              80 kB
SwapTotal:       4194300 kB
SwapFree:        3626452 kB
Zswap:                 0 kB
Zswapped:              0 kB
Dirty:               272 kB
Writeback:             0 kB
AnonPages:       1156184 kB
Mapped:           162212 kB
Shmem:            116220 kB
KReclaimable:     470196 kB
Slab:             644056 kB
SReclaimable:     470196 kB
SUnreclaim:       173860 kB
KernelStack:        9600 kB
PageTables:        24000 kB
SecPageTables:         0 kB
NFS_Unstable:          0 kB
Bounce:                0 kB
WritebackTmp:          0 kB
CommitLimit:     8216048 kB
Committed_AS:    6299876 kB
VmallocTotal:   34359738367 kB
VmallocUsed:      107472 kB
VmallocChunk:          0 kB
Percpu:             4048 kB
HardwareCorrupted:     0 kB
AnonHugePages:         0 kB
ShmemHugePages:        0 kB
ShmemPmdMapped:        0 kB
FileHugePages:         0 kB
FilePmdMapped:         0 kB
Unaccepted:            0 kB
HugePages_Total:       0
HugePages_Free:        0
HugePages_Rsvd:        0
HugePages_Surp:        0
Hugepagesize:       2048 kB
Hugetlb:               0 kB
DirectMap4k:      596608 kB
DirectMap2M:     5607424 kB
DirectMap1G:     2097152 kB
