MemTotal:        8043496 kB
MemFree:          317612 kB
MemAvailable:    7027604 kB
Buffers:          114568 kB
Cached:          6671172 kB
SwapCached:        61408 kB
Active:          6228120 kB
Inactive:         751756 kB
Active(anon):     223312 kB
Inactive(anon):    78028 kB
Active(file):    6004808 kB
Inactive(file):   673728 kB
Unevictable:        8976 kB
Mlocked:              80 kB
SwapTotal:       4194300 kB
SwapFree:        3615188 kB
Zswap:                 0 kB
Zswapped:              0 kB
Dirty:                 4 kB
Writeback:             0 kB
AnonPages:        189968 kB
Mapped:           124384 kB
Shmem:            107204 kB
KReclaimable:     339892 kB
Slab:             506168 kB
SReclaimable:     339892 kB
SUnreclaim:       166276 kB
KernelStack:        9504 kB
PageTables:        21088 kB
SecPageTables:         0 kB
NFS_Unstable:          0 kB
Bounce:                0 kB
WritebackTmp:          0 kB
CommitLimit:     8216048 kB
Committed_AS:    4912236 kB
VmallocTotal:   34359738367 kB
VmallocUsed:      107344 kB
VmallocChunk:          0 kB
Percpu:             3616 kB
HardwareCorrupted:     0 kB
AnonHugePages:         0 kB
ShmemHugePages:        0 kB
ShmemPmdMapped:        0 kB
FileHugePages:         0 kB
FilePmdMapped:         0 kB
Unaccepted:            0 kB
HugePages_Total:       0
HugePages_Free:        0
HugePages_Rsvd:        0
HugePages_Surp:        0
Hugepagesize:       2048 kB
Hugetlb:               0 kB
DirectMap4k:      383616 kB
DirectMap2M:     5820416 kB
DirectMap1G:     2097152 kB
