MemTotal:        8043496 kB
MemFree:         4017892 kB
MemAvailable:    6254900 kB
Buffers:           96184 kB
Cached:          2090204 kB
SwapCached:        78364 kB
Active:           905428 kB
Inactive:        2176428 kB
Active(anon):     427776 kB
Inactive(anon):   584044 kB
Active(file):     477652 kB
Inactive(file):  1592384 kB
Unevictable:       57212 kB
Mlocked:              80 kB
SwapTotal:       4194300 kB
SwapFree:        3626452 kB
Zswap:                 0 kB
Zswapped:              0 kB
Dirty:                16 kB
Writeback:             0 kB
AnonPages:        941228 kB
Mapped:           162224 kB
Shmem:            116220 kB
KReclaimable:     475408 kB
Slab:             649228 kB
SReclaimable:     475408 kB
SUnreclaim:       173820 kB
KernelStack:        9600 kB
PageTables:        24088 kB
SecPageTables:         0 kB
NFS_Unstable:          0 kB
Bounce:                0 kB
WritebackTmp:          0 kB
CommitLimit:     8216048 kB
Committed_AS:    6299960 kB
VmallocTotal:   34359738367 kB
VmallocUsed:      107440 kB
VmallocChunk:          0 kB
Percpu:             4048 kB
HardwareCorrupted:     0 kB
AnonHugePages:         0 kB
ShmemHugePages:        0 kB
ShmemPmdMapped:        0 kB
FileHugePages:         0 kB
FilePmdMapped:         0 kB
Unaccepted:            0 kB
HugePages_Total:       0
HugePages_Free:        0
HugePages_Rsvd:        0
HugePages_Surp:        0
Hugepagesize:       2048 kB
Hugetlb:               0 kB
DirectMap4k:      596608 kB
DirectMap2M:     5607424 kB
DirectMap1G:     2097152 kB
