MemTotal:        8043496 kB
MemFree:         4727180 kB
MemAvailable:    6267192 kB
Buffers:           85244 kB
Cached:          1394088 kB
SwapCached:        77808 kB
Active:           794708 kB
Inactive:        1636000 kB
Active(anon):     456004 kB
Inactive(anon):   595112 kB
Active(file):     338704 kB
Inactive(file):  1040888 kB
Unevictable:       32428 kB
Mlocked:              80 kB
SwapTotal:       4194300 kB
SwapFree:        3624148 kB
Zswap:                 0 kB
Zswapped:              0 kB
Dirty:                 8 kB
Writeback:             0 kB
AnonPages:        972376 kB
Mapped:           160460 kB
Shmem:             99740 kB
KReclaimable:     468856 kB
Slab:             642664 kB
SReclaimable:     468856 kB
SUnreclaim:       173808 kB
KernelStack:        9568 kB
PageTables:        23916 kB
SecPageTables:         0 kB
NFS_Unstable:          0 kB
Bounce:                0 kB
WritebackTmp:          0 kB
CommitLimit:     8216048 kB
Committed_AS:    6281804 kB
VmallocTotal:   34359738367 kB
VmallocUsed:      107440 kB
VmallocChunk:          0 kB
Percpu:             4048 kB
HardwareCorrupted:     0 kB
AnonHugePages:         0 kB
ShmemHugePages:        0 kB
ShmemPmdMapped:        0 kB
FileHugePages:         0 kB
FilePmdMapped:         0 kB
Unaccepted:            0 kB
HugePages_Total:       0
HugePages_Free:        0
HugePages_Rsvd:        0
HugePages_Surp:        0
Hugepagesize:       2048 kB
Hugetlb:               0 kB
DirectMap4k:      588416 kB
DirectMap2M:     5615616 kB
DirectMap1G:     2097152 kB
