MemTotal:        8043488 kB
MemFree:         6434392 kB
MemAvailable:    7461708 kB
Buffers:           41320 kB
Cached:          1188164 kB
SwapCached:         2184 kB
Active:           117864 kB
Inactive:        1202176 kB
Active(anon):      43832 kB
Inactive(anon):    61488 kB
Active(file):      74032 kB
Inactive(file):  1140688 kB
Unevictable:       27624 kB
Mlocked:           27508 kB
SwapTotal:       4194300 kB
SwapFree:        4188668 kB
Zswap:                 0 kB
Zswapped:              0 kB
Dirty:                44 kB
Writeback:             0 kB
AnonPages:        116692 kB
Mapped:            96504 kB
Shmem:              6012 kB
KReclaimable:      72888 kB
Slab:             148512 kB
SReclaimable:      72888 kB
SUnreclaim:        75624 kB
KernelStack:        2976 kB
PageTables:         4996 kB
SecPageTables:         0 kB
NFS_Unstable:          0 kB
Bounce:                0 kB
WritebackTmp:          0 kB
CommitLimit:     8216044 kB
Committed_AS:     811316 kB
VmallocTotal:   34359738367 kB
VmallocUsed:       32724 kB
VmallocChunk:          0 kB
Percpu:             2944 kB
HardwareCorrupted:     0 kB
AnonHugePages:         0 kB
ShmemHugePages:        0 kB
ShmemPmdMapped:        0 kB
FileHugePages:         0 kB
FilePmdMapped:         0 kB
Unaccepted:            0 kB
HugePages_Total:       0
HugePages_Free:        0
HugePages_Rsvd:        0
HugePages_Surp:        0
Hugepagesize:       2048 kB
Hugetlb:               0 kB
DirectMap4k:      131712 kB
DirectMap2M:     3975168 kB
DirectMap1G:     4194304 kB
