MemTotal:        8043488 kB
MemFree:         5583456 kB
MemAvailable:    7491764 kB
Buffers:           78656 kB
Cached:          2034004 kB
SwapCached:            0 kB
Active:           854624 kB
Inactive:        1341724 kB
Active(anon):      99252 kB
Inactive(anon):        0 kB
Active(file):     755372 kB
Inactive(file):  1341724 kB
Unevictable:       27624 kB
Mlocked:           27508 kB
SwapTotal:       4194300 kB
SwapFree:        4194300 kB
Zswap:                 0 kB
Zswapped:              0 kB
Dirty:                44 kB
Writeback:             0 kB
AnonPages:        111316 kB
Mapped:           105384 kB
Shmem:              6812 kB
KReclaimable:      70120 kB
Slab:             144980 kB
SReclaimable:      70120 kB
SUnreclaim:        74860 kB
KernelStack:        2944 kB
PageTables:         4956 kB
SecPageTables:         0 kB
NFS_Unstable:          0 kB
Bounce:                0 kB
WritebackTmp:          0 kB
CommitLimit:     8216044 kB
Committed_AS:     804320 kB
VmallocTotal:   34359738367 kB
VmallocUsed:       32708 kB
VmallocChunk:          0 kB
Percpu:             2800 kB
HardwareCorrupted:     0 kB
AnonHugePages:         0 kB
ShmemHugePages:        0 kB
ShmemPmdMapped:        0 kB
FileHugePages:         0 kB
FilePmdMapped:         0 kB
Unaccepted:            0 kB
HugePages_Total:       0
HugePages_Free:        0
HugePages_Rsvd:        0
HugePages_Surp:        0
Hugepagesize:       2048 kB
Hugetlb:               0 kB
DirectMap4k:      131712 kB
DirectMap2M:     3975168 kB
DirectMap1G:     4194304 kB
