MemTotal:        8043488 kB
MemFree:         6823348 kB
MemAvailable:    7467200 kB
Buffers:           65424 kB
Cached:           785520 kB
SwapCached:            0 kB
Active:           662972 kB
Inactive:         282876 kB
Active(anon):     110468 kB
Inactive(anon):        0 kB
Active(file):     552504 kB
Inactive(file):   282876 kB
Unevictable:       27560 kB
Mlocked:           27444 kB
SwapTotal:       4194300 kB
SwapFree:        4194300 kB
Zswap:                 0 kB
Zswapped:              0 kB
Dirty:                 4 kB
Writeback:             0 kB
AnonPages:        122516 kB
Mapped:           105200 kB
Shmem:              6812 kB
KReclaimable:      64640 kB
Slab:             139608 kB
SReclaimable:      64640 kB
SUnreclaim:        74968 kB
KernelStack:        3024 kB
PageTables:         5212 kB
SecPageTables:         0 kB
NFS_Unstable:          0 kB
Bounce:                0 kB
WritebackTmp:          0 kB
CommitLimit:     8216044 kB
Committed_AS:     793052 kB
VmallocTotal:   34359738367 kB
VmallocUsed:       32884 kB
VmallocChunk:          0 kB
Percpu:             2752 kB
HardwareCorrupted:     0 kB
AnonHugePages:         0 kB
ShmemHugePages:        0 kB
ShmemPmdMapped:        0 kB
FileHugePages:         0 kB
FilePmdMapped:         0 kB
Unaccepted:            0 kB
HugePages_Total:       0
HugePages_Free:        0
HugePages_Rsvd:        0
HugePages_Surp:        0
Hugepagesize:       2048 kB
Hugetlb:               0 kB
DirectMap4k:      131712 kB
DirectMap2M:     3975168 kB
DirectMap1G:     4194304 kB
