MemTotal:        8043488 kB
MemFree:          808268 kB
MemAvailable:    6734584 kB
Buffers:           83680 kB
Cached:          5870424 kB
SwapCached:            0 kB
Active:          1342992 kB
Inactive:        5347164 kB
Active(anon):     751540 kB
Inactive(anon):      156 kB
Active(file):     591452 kB
Inactive(file):  5347008 kB
Unevictable:       27672 kB
Mlocked:           27556 kB
SwapTotal:       4194300 kB
SwapFree:        4194300 kB
Zswap:                 0 kB
Zswapped:              0 kB
Dirty:                 4 kB
Writeback:             0 kB
AnonPages:        763628 kB
Mapped:           108076 kB
Shmem:              6888 kB
KReclaimable:     296304 kB
Slab:             396364 kB
SReclaimable:     296304 kB
SUnreclaim:       100060 kB
KernelStack:        3120 kB
PageTables:         6760 kB
SecPageTables:         0 kB
NFS_Unstable:          0 kB
Bounce:                0 kB
WritebackTmp:          0 kB
CommitLimit:     8216044 kB
Committed_AS:    1519176 kB
VmallocTotal:   34359738367 kB
VmallocUsed:       32948 kB
VmallocChunk:          0 kB
Percpu:             3184 kB
HardwareCorrupted:     0 kB
AnonHugePages:         0 kB
ShmemHugePages:        0 kB
ShmemPmdMapped:        0 kB
FileHugePages:         0 kB
FilePmdMapped:         0 kB
Unaccepted:            0 kB
HugePages_Total:       0
HugePages_Free:        0
HugePages_Rsvd:        0
HugePages_Surp:        0
Hugepagesize:       2048 kB
Hugetlb:               0 kB
DirectMap4k:      162432 kB
DirectMap2M:     3944448 kB
DirectMap1G:     4194304 kB
