MemTotal:        8043492 kB
MemFree:         6987108 kB
MemAvailable:    7515468 kB
Buffers:           43028 kB
Cached:           704728 kB
SwapCached:            0 kB
Active:           595748 kB
Inactive:         220608 kB
Active(anon):      84212 kB
Inactive(anon):        0 kB
Active(file):     511536 kB
Inactive(file):   220608 kB
Unevictable:       27560 kB
Mlocked:           27444 kB
SwapTotal:       4194300 kB
SwapFree:        4194300 kB
Zswap:                 0 kB
Zswapped:              0 kB
Dirty:                48 kB
Writeback:             0 kB
AnonPages:         96160 kB
Mapped:            85236 kB
Shmem:              6860 kB
KReclaimable:      40124 kB
Slab:             113076 kB
SReclaimable:      40124 kB
SUnreclaim:        72952 kB
KernelStack:        2736 kB
PageTables:         4556 kB
SecPageTables:         0 kB
NFS_Unstable:          0 kB
Bounce:                0 kB
WritebackTmp:          0 kB
CommitLimit:     8216044 kB
Committed_AS:     686816 kB
VmallocTotal:   34359738367 kB
VmallocUsed:       32236 kB
VmallocChunk:          0 kB
Percpu:             2688 kB
HardwareCorrupted:     0 kB
AnonHugePages:         0 kB
ShmemHugePages:        0 kB
ShmemPmdMapped:        0 kB
FileHugePages:         0 kB
FilePmdMapped:         0 kB
Unaccepted:            0 kB
HugePages_Total:       0
HugePages_Free:        0
HugePages_Rsvd:        0
HugePages_Surp:        0
Hugepagesize:       2048 kB
Hugetlb:               0 kB
DirectMap4k:      154240 kB
DirectMap2M:     3952640 kB
DirectMap1G:     4194304 kB
