MemTotal:        8043492 kB
MemFree:         6911788 kB
MemAvailable:    7486948 kB
Buffers:           57508 kB
Cached:           736584 kB
SwapCached:            0 kB
Active:           708728 kB
Inactive:         172656 kB
Active(anon):     102928 kB
Inactive(anon):        0 kB
Active(file):     605800 kB
Inactive(file):   172656 kB
Unevictable:       27560 kB
Mlocked:           27444 kB
SwapTotal:       4194300 kB
SwapFree:        4194300 kB
Zswap:                 0 kB
Zswapped:              0 kB
Dirty:               100 kB
Writeback:             0 kB
AnonPages:        114856 kB
Mapped:           105592 kB
Shmem:              6880 kB
KReclaimable:      41100 kB
Slab:             115528 kB
SReclaimable:      41100 kB
SUnreclaim:        74428 kB
KernelStack:        3008 kB
PageTables:         5168 kB
SecPageTables:         0 kB
NFS_Unstable:          0 kB
Bounce:                0 kB
WritebackTmp:          0 kB
CommitLimit:     8216044 kB
Committed_AS:     792212 kB
VmallocTotal:   34359738367 kB
VmallocUsed:       32820 kB
VmallocChunk:          0 kB
Percpu:             2880 kB
HardwareCorrupted:     0 kB
AnonHugePages:         0 kB
ShmemHugePages:        0 kB
ShmemPmdMapped:        0 kB
FileHugePages:         0 kB
FilePmdMapped:         0 kB
Unaccepted:            0 kB
HugePages_Total:       0
HugePages_Free:        0
HugePages_Rsvd:        0
HugePages_Surp:        0
Hugepagesize:       2048 kB
Hugetlb:               0 kB
DirectMap4k:      168576 kB
DirectMap2M:     4986880 kB
DirectMap1G:     3145728 kB
