MemTotal:        8043488 kB
MemFree:         6804496 kB
MemAvailable:    7485392 kB
Buffers:           28360 kB
Cached:           859184 kB
SwapCached:         6216 kB
Active:           224412 kB
Inactive:         742852 kB
Active(anon):      69192 kB
Inactive(anon):    24516 kB
Active(file):     155220 kB
Inactive(file):   718336 kB
Unevictable:       27624 kB
Mlocked:           27508 kB
SwapTotal:       4194300 kB
SwapFree:        4158204 kB
Zswap:                 0 kB
Zswapped:              0 kB
Dirty:               116 kB
Writeback:             0 kB
AnonPages:        102396 kB
Mapped:            90064 kB
Shmem:              5228 kB
KReclaimable:      62376 kB
Slab:             138868 kB
SReclaimable:      62376 kB
SUnreclaim:        76492 kB
KernelStack:        3072 kB
PageTables:         5432 kB
SecPageTables:         0 kB
NFS_Unstable:          0 kB
Bounce:                0 kB
WritebackTmp:          0 kB
CommitLimit:     8216044 kB
Committed_AS:     925684 kB
VmallocTotal:   34359738367 kB
VmallocUsed:       32948 kB
VmallocChunk:          0 kB
Percpu:             2944 kB
HardwareCorrupted:     0 kB
AnonHugePages:         0 kB
ShmemHugePages:        0 kB
ShmemPmdMapped:        0 kB
FileHugePages:         0 kB
FilePmdMapped:         0 kB
Unaccepted:            0 kB
HugePages_Total:       0
HugePages_Free:        0
HugePages_Rsvd:        0
HugePages_Surp:        0
Hugepagesize:       2048 kB
Hugetlb:               0 kB
DirectMap4k:      131712 kB
DirectMap2M:     3975168 kB
DirectMap1G:     4194304 kB
