MemTotal:        8043500 kB
MemFree:         3106704 kB
MemAvailable:    5998692 kB
Buffers:          227780 kB
Cached:          2808884 kB
SwapCached:            0 kB
Active:          2686428 kB
Inactive:        1313752 kB
Active(anon):    1174920 kB
Inactive(anon):        0 kB
Active(file):    1511508 kB
Inactive(file):  1313752 kB
Unevictable:      204204 kB
Mlocked:              80 kB
SwapTotal:       4194300 kB
SwapFree:        4194300 kB
Zswap:                 0 kB
Zswapped:              0 kB
Dirty:                92 kB
Writeback:             8 kB
AnonPages:       1167732 kB
Mapped:           416184 kB
Shmem:            211392 kB
KReclaimable:     375164 kB
Slab:             531364 kB
SReclaimable:     375164 kB
SUnreclaim:       156200 kB
KernelStack:        9520 kB
PageTables:        21980 kB
SecPageTables:         0 kB
NFS_Unstable:          0 kB
Bounce:                0 kB
WritebackTmp:          0 kB
CommitLimit:     8216048 kB
Committed_AS:    5318984 kB
VmallocTotal:   34359738367 kB
VmallocUsed:      107256 kB
VmallocChunk:          0 kB
Percpu:             3904 kB
HardwareCorrupted:     0 kB
AnonHugePages:         0 kB
ShmemHugePages:        0 kB
ShmemPmdMapped:        0 kB
FileHugePages:         0 kB
FilePmdMapped:         0 kB
Unaccepted:            0 kB
HugePages_Total:       0
HugePages_Free:        0
HugePages_Rsvd:        0
HugePages_Surp:        0
Hugepagesize:       2048 kB
Hugetlb:               0 kB
DirectMap4k:      410240 kB
DirectMap2M:     7890944 kB
DirectMap1G:           0 kB
