MemTotal:        8043496 kB
MemFree:         4970236 kB
MemAvailable:    7465644 kB
Buffers:           24556 kB
Cached:          2667924 kB
SwapCached:         2744 kB
Active:            83388 kB
Inactive:        2687408 kB
Active(anon):      30908 kB
Inactive(anon):    62208 kB
Active(file):      52480 kB
Inactive(file):  2625200 kB
Unevictable:       27560 kB
Mlocked:           27444 kB
SwapTotal:       4194300 kB
SwapFree:        4187644 kB
Zswap:                 0 kB
Zswapped:              0 kB
Dirty:                96 kB
Writeback:             0 kB
AnonPages:        104024 kB
Mapped:            85508 kB
Shmem:              6048 kB
KReclaimable:      83148 kB
Slab:             159156 kB
SReclaimable:      83148 kB
SUnreclaim:        76008 kB
KernelStack:        2896 kB
PageTables:         4884 kB
SecPageTables:         0 kB
NFS_Unstable:          0 kB
Bounce:                0 kB
WritebackTmp:          0 kB
CommitLimit:     8216048 kB
Committed_AS:     782296 kB
VmallocTotal:   34359738367 kB
VmallocUsed:       32524 kB
VmallocChunk:          0 kB
Percpu:             2816 kB
HardwareCorrupted:     0 kB
AnonHugePages:         0 kB
ShmemHugePages:        0 kB
ShmemPmdMapped:        0 kB
FileHugePages:         0 kB
FilePmdMapped:         0 kB
Unaccepted:            0 kB
HugePages_Total:       0
HugePages_Free:        0
HugePages_Rsvd:        0
HugePages_Surp:        0
Hugepagesize:       2048 kB
Hugetlb:               0 kB
DirectMap4k:      137856 kB
DirectMap2M:     3969024 kB
DirectMap1G:     4194304 kB
