MemTotal:        8043488 kB
MemFree:         6836712 kB
MemAvailable:    7462712 kB
Buffers:           22220 kB
Cached:           810156 kB
SwapCached:         2120 kB
Active:            77384 kB
Inactive:         840824 kB
Active(anon):      29604 kB
Inactive(anon):    70984 kB
Active(file):      47780 kB
Inactive(file):   769840 kB
Unevictable:       27624 kB
Mlocked:           27508 kB
SwapTotal:       4194300 kB
SwapFree:        4188412 kB
Zswap:                 0 kB
Zswapped:              0 kB
Dirty:               236 kB
Writeback:             0 kB
AnonPages:        111948 kB
Mapped:            95144 kB
Shmem:              6004 kB
KReclaimable:      64452 kB
Slab:             139772 kB
SReclaimable:      64452 kB
SUnreclaim:        75320 kB
KernelStack:        2960 kB
PageTables:         4968 kB
SecPageTables:         0 kB
NFS_Unstable:          0 kB
Bounce:                0 kB
WritebackTmp:          0 kB
CommitLimit:     8216044 kB
Committed_AS:     806964 kB
VmallocTotal:   34359738367 kB
VmallocUsed:       32740 kB
VmallocChunk:          0 kB
Percpu:             2944 kB
HardwareCorrupted:     0 kB
AnonHugePages:         0 kB
ShmemHugePages:        0 kB
ShmemPmdMapped:        0 kB
FileHugePages:         0 kB
FilePmdMapped:         0 kB
Unaccepted:            0 kB
HugePages_Total:       0
HugePages_Free:        0
HugePages_Rsvd:        0
HugePages_Surp:        0
Hugepagesize:       2048 kB
Hugetlb:               0 kB
DirectMap4k:      131712 kB
DirectMap2M:     3975168 kB
DirectMap1G:     4194304 kB
