MemTotal:        8043500 kB
MemFree:         3197072 kB
MemAvailable:    6239048 kB
Buffers:          230324 kB
Cached:          2952592 kB
SwapCached:            0 kB
Active:          2409700 kB
Inactive:        1457532 kB
Active(anon):     895860 kB
Inactive(anon):        0 kB
Active(file):    1513840 kB
Inactive(file):  1457532 kB
Unevictable:      204332 kB
Mlocked:              80 kB
SwapTotal:       4194300 kB
SwapFree:        4194300 kB
Zswap:                 0 kB
Zswapped:              0 kB
Dirty:                84 kB
Writeback:            12 kB
AnonPages:        888680 kB
Mapped:           416232 kB
Shmem:            211520 kB
KReclaimable:     379040 kB
Slab:             535496 kB
SReclaimable:     379040 kB
SUnreclaim:       156456 kB
KernelStack:        9552 kB
PageTables:        22024 kB
SecPageTables:         0 kB
NFS_Unstable:          0 kB
Bounce:                0 kB
WritebackTmp:          0 kB
CommitLimit:     8216048 kB
Committed_AS:    5325456 kB
VmallocTotal:   34359738367 kB
VmallocUsed:      107256 kB
VmallocChunk:          0 kB
Percpu:             3952 kB
HardwareCorrupted:     0 kB
AnonHugePages:         0 kB
ShmemHugePages:        0 kB
ShmemPmdMapped:        0 kB
FileHugePages:         0 kB
FilePmdMapped:         0 kB
Unaccepted:            0 kB
HugePages_Total:       0
HugePages_Free:        0
HugePages_Rsvd:        0
HugePages_Surp:        0
Hugepagesize:       2048 kB
Hugetlb:               0 kB
DirectMap4k:      440960 kB
DirectMap2M:     7860224 kB
DirectMap1G:           0 kB
