MemTotal:        8043488 kB
MemFree:         6676104 kB
MemAvailable:    7464364 kB
Buffers:           26840 kB
Cached:           966260 kB
SwapCached:         2168 kB
Active:            90888 kB
Inactive:         989280 kB
Active(anon):      39268 kB
Inactive(anon):    62556 kB
Active(file):      51620 kB
Inactive(file):   926724 kB
Unevictable:       27624 kB
Mlocked:           27508 kB
SwapTotal:       4194300 kB
SwapFree:        4188412 kB
Zswap:                 0 kB
Zswapped:              0 kB
Dirty:               188 kB
Writeback:             0 kB
AnonPages:        113220 kB
Mapped:            95328 kB
Shmem:              6004 kB
KReclaimable:      67524 kB
Slab:             143080 kB
SReclaimable:      67524 kB
SUnreclaim:        75556 kB
KernelStack:        2976 kB
PageTables:         4988 kB
SecPageTables:         0 kB
NFS_Unstable:          0 kB
Bounce:                0 kB
WritebackTmp:          0 kB
CommitLimit:     8216044 kB
Committed_AS:     808408 kB
VmallocTotal:   34359738367 kB
VmallocUsed:       32756 kB
VmallocChunk:          0 kB
Percpu:             2944 kB
HardwareCorrupted:     0 kB
AnonHugePages:         0 kB
ShmemHugePages:        0 kB
ShmemPmdMapped:        0 kB
FileHugePages:         0 kB
FilePmdMapped:         0 kB
Unaccepted:            0 kB
HugePages_Total:       0
HugePages_Free:        0
HugePages_Rsvd:        0
HugePages_Surp:        0
Hugepagesize:       2048 kB
Hugetlb:               0 kB
DirectMap4k:      131712 kB
DirectMap2M:     3975168 kB
DirectMap1G:     4194304 kB
