MemTotal:        8043488 kB
MemFree:         6632800 kB
MemAvailable:    7468092 kB
Buffers:           30344 kB
Cached:          1011304 kB
SwapCached:         6216 kB
Active:           227152 kB
Inactive:         894360 kB
Active(anon):      69360 kB
Inactive(anon):    24492 kB
Active(file):     157792 kB
Inactive(file):   869868 kB
Unevictable:       27624 kB
Mlocked:           27508 kB
SwapTotal:       4194300 kB
SwapFree:        4158204 kB
Zswap:                 0 kB
Zswapped:              0 kB
Dirty:               220 kB
Writeback:            12 kB
AnonPages:        102512 kB
Mapped:            90116 kB
Shmem:              5236 kB
KReclaimable:      62956 kB
Slab:             139256 kB
SReclaimable:      62956 kB
SUnreclaim:        76300 kB
KernelStack:        3072 kB
PageTables:         5508 kB
SecPageTables:         0 kB
NFS_Unstable:          0 kB
Bounce:                0 kB
WritebackTmp:          0 kB
CommitLimit:     8216044 kB
Committed_AS:     926000 kB
VmallocTotal:   34359738367 kB
VmallocUsed:       32932 kB
VmallocChunk:          0 kB
Percpu:             2944 kB
HardwareCorrupted:     0 kB
AnonHugePages:         0 kB
ShmemHugePages:        0 kB
ShmemPmdMapped:        0 kB
FileHugePages:         0 kB
FilePmdMapped:         0 kB
Unaccepted:            0 kB
HugePages_Total:       0
HugePages_Free:        0
HugePages_Rsvd:        0
HugePages_Surp:        0
Hugepagesize:       2048 kB
Hugetlb:               0 kB
DirectMap4k:      131712 kB
DirectMap2M:     3975168 kB
DirectMap1G:     4194304 kB
