MemTotal:        8043496 kB
MemFree:         4792360 kB
MemAvailable:    7510140 kB
Buffers:           13404 kB
Cached:          2893860 kB
SwapCached:         3532 kB
Active:            86556 kB
Inactive:        2858856 kB
Active(anon):      34300 kB
Inactive(anon):    15276 kB
Active(file):      52256 kB
Inactive(file):  2843580 kB
Unevictable:       27560 kB
Mlocked:           27444 kB
SwapTotal:       4194300 kB
SwapFree:        4139004 kB
Zswap:                 0 kB
Zswapped:              0 kB
Dirty:               160 kB
Writeback:             0 kB
AnonPages:         64064 kB
Mapped:            59916 kB
Shmem:              2644 kB
KReclaimable:      91580 kB
Slab:             168072 kB
SReclaimable:      91580 kB
SUnreclaim:        76492 kB
KernelStack:        2960 kB
PageTables:         4940 kB
SecPageTables:         0 kB
NFS_Unstable:          0 kB
Bounce:                0 kB
WritebackTmp:          0 kB
CommitLimit:     8216048 kB
Committed_AS:     786668 kB
VmallocTotal:   34359738367 kB
VmallocUsed:       32724 kB
VmallocChunk:          0 kB
Percpu:             2816 kB
HardwareCorrupted:     0 kB
AnonHugePages:         0 kB
ShmemHugePages:        0 kB
ShmemPmdMapped:        0 kB
FileHugePages:         0 kB
FilePmdMapped:         0 kB
Unaccepted:            0 kB
HugePages_Total:       0
HugePages_Free:        0
HugePages_Rsvd:        0
HugePages_Surp:        0
Hugepagesize:       2048 kB
Hugetlb:               0 kB
DirectMap4k:      156288 kB
DirectMap2M:     4999168 kB
DirectMap1G:     3145728 kB
