MemTotal:        8043496 kB
MemFree:         3674524 kB
MemAvailable:    6009700 kB
Buffers:          110064 kB
Cached:          2157024 kB
SwapCached:        78400 kB
Active:          1252928 kB
Inactive:        2214856 kB
Active(anon):     721000 kB
Inactive(anon):   579448 kB
Active(file):     531928 kB
Inactive(file):  1635408 kB
Unevictable:       40748 kB
Mlocked:              80 kB
SwapTotal:       4194300 kB
SwapFree:        3626708 kB
Zswap:                 0 kB
Zswapped:              0 kB
Dirty:               208 kB
Writeback:             0 kB
AnonPages:       1229928 kB
Mapped:           162520 kB
Shmem:             99752 kB
KReclaimable:     476276 kB
Slab:             649844 kB
SReclaimable:     476276 kB
SUnreclaim:       173568 kB
KernelStack:        9552 kB
PageTables:        23972 kB
SecPageTables:         0 kB
NFS_Unstable:          0 kB
Bounce:                0 kB
WritebackTmp:          0 kB
CommitLimit:     8216048 kB
Committed_AS:    6282564 kB
VmallocTotal:   34359738367 kB
VmallocUsed:      107424 kB
VmallocChunk:          0 kB
Percpu:             4048 kB
HardwareCorrupted:     0 kB
AnonHugePages:         0 kB
ShmemHugePages:        0 kB
ShmemPmdMapped:        0 kB
FileHugePages:         0 kB
FilePmdMapped:         0 kB
Unaccepted:            0 kB
HugePages_Total:       0
HugePages_Free:        0
HugePages_Rsvd:        0
HugePages_Surp:        0
Hugepagesize:       2048 kB
Hugetlb:               0 kB
DirectMap4k:      604800 kB
DirectMap2M:     5599232 kB
DirectMap1G:     2097152 kB
