MemTotal:        8043488 kB
MemFree:         6734640 kB
MemAvailable:    7462852 kB
Buffers:           28520 kB
Cached:           905536 kB
SwapCached:         2168 kB
Active:           103608 kB
Inactive:         918168 kB
Active(anon):      39920 kB
Inactive(anon):    62556 kB
Active(file):      63688 kB
Inactive(file):   855612 kB
Unevictable:       27624 kB
Mlocked:           27508 kB
SwapTotal:       4194300 kB
SwapFree:        4188412 kB
Zswap:                 0 kB
Zswapped:              0 kB
Dirty:               116 kB
Writeback:             0 kB
AnonPages:        113844 kB
Mapped:            95368 kB
Shmem:              6004 kB
KReclaimable:      65516 kB
Slab:             141036 kB
SReclaimable:      65516 kB
SUnreclaim:        75520 kB
KernelStack:        2976 kB
PageTables:         5084 kB
SecPageTables:         0 kB
NFS_Unstable:          0 kB
Bounce:                0 kB
WritebackTmp:          0 kB
CommitLimit:     8216044 kB
Committed_AS:     808844 kB
VmallocTotal:   34359738367 kB
VmallocUsed:       32708 kB
VmallocChunk:          0 kB
Percpu:             2944 kB
HardwareCorrupted:     0 kB
AnonHugePages:         0 kB
ShmemHugePages:        0 kB
ShmemPmdMapped:        0 kB
FileHugePages:         0 kB
FilePmdMapped:         0 kB
Unaccepted:            0 kB
HugePages_Total:       0
HugePages_Free:        0
HugePages_Rsvd:        0
HugePages_Surp:        0
Hugepagesize:       2048 kB
Hugetlb:               0 kB
DirectMap4k:      131712 kB
DirectMap2M:     3975168 kB
DirectMap1G:     4194304 kB
