MemTotal:        8043492 kB
MemFree:         6320056 kB
MemAvailable:    7440824 kB
Buffers:           47228 kB
Cached:          1273072 kB
SwapCached:            0 kB
Active:           164448 kB
Inactive:        1247436 kB
Active(anon):      32704 kB
Inactive(anon):    74500 kB
Active(file):     131744 kB
Inactive(file):  1172936 kB
Unevictable:       27624 kB
Mlocked:           27508 kB
SwapTotal:       4194300 kB
SwapFree:        4194044 kB
Zswap:                 0 kB
Zswapped:              0 kB
Dirty:                60 kB
Writeback:             0 kB
AnonPages:        119260 kB
Mapped:           106652 kB
Shmem:              6868 kB
KReclaimable:      79868 kB
Slab:             157096 kB
SReclaimable:      79868 kB
SUnreclaim:        77228 kB
KernelStack:        2944 kB
PageTables:         5196 kB
SecPageTables:         0 kB
NFS_Unstable:          0 kB
Bounce:                0 kB
WritebackTmp:          0 kB
CommitLimit:     8216044 kB
Committed_AS:     917456 kB
VmallocTotal:   34359738367 kB
VmallocUsed:       33768 kB
VmallocChunk:          0 kB
Percpu:             2944 kB
HardwareCorrupted:     0 kB
AnonHugePages:         0 kB
ShmemHugePages:        0 kB
ShmemPmdMapped:        0 kB
FileHugePages:         0 kB
FilePmdMapped:         0 kB
Unaccepted:            0 kB
HugePages_Total:       0
HugePages_Free:        0
HugePages_Rsvd:        0
HugePages_Surp:        0
Hugepagesize:       2048 kB
Hugetlb:               0 kB
DirectMap4k:      168576 kB
DirectMap2M:     4986880 kB
DirectMap1G:     3145728 kB
