MemTotal:        8043492 kB
MemFree:         6812848 kB
MemAvailable:    7373036 kB
Buffers:           54840 kB
Cached:           725108 kB
SwapCached:            0 kB
Active:           695468 kB
Inactive:         171012 kB
Active(anon):     102164 kB
Inactive(anon):        0 kB
Active(file):     593304 kB
Inactive(file):   171012 kB
Unevictable:       27560 kB
Mlocked:           27444 kB
SwapTotal:       4194300 kB
SwapFree:        4194300 kB
Zswap:                 0 kB
Zswapped:              0 kB
Dirty:              1852 kB
Writeback:             0 kB
AnonPages:        114024 kB
Mapped:           105548 kB
Shmem:              6880 kB
KReclaimable:      39440 kB
Slab:             113668 kB
SReclaimable:      39440 kB
SUnreclaim:        74228 kB
KernelStack:        3008 kB
PageTables:         5164 kB
SecPageTables:         0 kB
NFS_Unstable:          0 kB
Bounce:                0 kB
WritebackTmp:          0 kB
CommitLimit:     8216044 kB
Committed_AS:     791280 kB
VmallocTotal:   34359738367 kB
VmallocUsed:       32836 kB
VmallocChunk:          0 kB
Percpu:             2832 kB
HardwareCorrupted:     0 kB
AnonHugePages:         0 kB
ShmemHugePages:        0 kB
ShmemPmdMapped:        0 kB
FileHugePages:         0 kB
FilePmdMapped:         0 kB
Unaccepted:            0 kB
HugePages_Total:       0
HugePages_Free:        0
HugePages_Rsvd:        0
HugePages_Surp:        0
Hugepagesize:       2048 kB
Hugetlb:               0 kB
DirectMap4k:      168576 kB
DirectMap2M:     4986880 kB
DirectMap1G:     3145728 kB
