MemTotal:        8043496 kB
MemFree:         3325500 kB
MemAvailable:    5134908 kB
Buffers:          129716 kB
Cached:          1678216 kB
SwapCached:       102400 kB
Active:          1767728 kB
Inactive:        1549668 kB
Active(anon):    1166288 kB
Inactive(anon):   505052 kB
Active(file):     601440 kB
Inactive(file):  1044616 kB
Unevictable:      102480 kB
Mlocked:              80 kB
SwapTotal:       4194300 kB
SwapFree:        3654868 kB
Zswap:                 0 kB
Zswapped:              0 kB
Dirty:              2212 kB
Writeback:             0 kB
AnonPages:       1594312 kB
Mapped:           260364 kB
Shmem:            161876 kB
KReclaimable:     471788 kB
Slab:             645924 kB
SReclaimable:     471788 kB
SUnreclaim:       174136 kB
KernelStack:       10176 kB
PageTables:        26636 kB
SecPageTables:         0 kB
NFS_Unstable:          0 kB
Bounce:                0 kB
WritebackTmp:          0 kB
CommitLimit:     8216048 kB
Committed_AS:    7112036 kB
VmallocTotal:   34359738367 kB
VmallocUsed:      108064 kB
VmallocChunk:          0 kB
Percpu:             4192 kB
HardwareCorrupted:     0 kB
AnonHugePages:         0 kB
ShmemHugePages:        0 kB
ShmemPmdMapped:        0 kB
FileHugePages:         0 kB
FilePmdMapped:         0 kB
Unaccepted:            0 kB
HugePages_Total:       0
HugePages_Free:        0
HugePages_Rsvd:        0
HugePages_Surp:        0
Hugepagesize:       2048 kB
Hugetlb:               0 kB
DirectMap4k:      619136 kB
DirectMap2M:     5584896 kB
DirectMap1G:     2097152 kB
