MemTotal:        8043488 kB
MemFree:         6752256 kB
MemAvailable:    7367276 kB
Buffers:           10072 kB
Cached:           812940 kB
SwapCached:         4832 kB
Active:           134732 kB
Inactive:         761756 kB
Active(anon):      62888 kB
Inactive(anon):    24556 kB
Active(file):      71844 kB
Inactive(file):   737200 kB
Unevictable:       27624 kB
Mlocked:           27508 kB
SwapTotal:       4194300 kB
SwapFree:        4159996 kB
Zswap:                 0 kB
Zswapped:              0 kB
Dirty:              3324 kB
Writeback:             0 kB
AnonPages:         97168 kB
Mapped:            87652 kB
Shmem:              5204 kB
KReclaimable:      59644 kB
Slab:             135608 kB
SReclaimable:      59644 kB
SUnreclaim:        75964 kB
KernelStack:        3008 kB
PageTables:         5332 kB
SecPageTables:         0 kB
NFS_Unstable:          0 kB
Bounce:                0 kB
WritebackTmp:          0 kB
CommitLimit:     8216044 kB
Committed_AS:     917952 kB
VmallocTotal:   34359738367 kB
VmallocUsed:       32836 kB
VmallocChunk:          0 kB
Percpu:             2944 kB
HardwareCorrupted:     0 kB
AnonHugePages:         0 kB
ShmemHugePages:        0 kB
ShmemPmdMapped:        0 kB
FileHugePages:         0 kB
FilePmdMapped:         0 kB
Unaccepted:            0 kB
HugePages_Total:       0
HugePages_Free:        0
HugePages_Rsvd:        0
HugePages_Surp:        0
Hugepagesize:       2048 kB
Hugetlb:               0 kB
DirectMap4k:      131712 kB
DirectMap2M:     3975168 kB
DirectMap1G:     4194304 kB
