MemTotal:        8043492 kB
MemFree:         6269292 kB
MemAvailable:    7411388 kB
Buffers:           59192 kB
Cached:          1275448 kB
SwapCached:            0 kB
Active:           204180 kB
Inactive:        1256316 kB
Active(anon):      68964 kB
Inactive(anon):    72536 kB
Active(file):     135216 kB
Inactive(file):  1183780 kB
Unevictable:       27624 kB
Mlocked:           27508 kB
SwapTotal:       4194300 kB
SwapFree:        4194044 kB
Zswap:                 0 kB
Zswapped:              0 kB
Dirty:               104 kB
Writeback:             0 kB
AnonPages:        153596 kB
Mapped:           106880 kB
Shmem:              6892 kB
KReclaimable:      93892 kB
Slab:             172364 kB
SReclaimable:      93892 kB
SUnreclaim:        78472 kB
KernelStack:        3232 kB
PageTables:         5688 kB
SecPageTables:         0 kB
NFS_Unstable:          0 kB
Bounce:                0 kB
WritebackTmp:          0 kB
CommitLimit:     8216044 kB
Committed_AS:     957140 kB
VmallocTotal:   34359738367 kB
VmallocUsed:       34264 kB
VmallocChunk:          0 kB
Percpu:             2944 kB
HardwareCorrupted:     0 kB
AnonHugePages:         0 kB
ShmemHugePages:        0 kB
ShmemPmdMapped:        0 kB
FileHugePages:         0 kB
FilePmdMapped:         0 kB
Unaccepted:            0 kB
HugePages_Total:       0
HugePages_Free:        0
HugePages_Rsvd:        0
HugePages_Surp:        0
Hugepagesize:       2048 kB
Hugetlb:               0 kB
DirectMap4k:      168576 kB
DirectMap2M:     4986880 kB
DirectMap1G:     3145728 kB
