MemTotal:        8043496 kB
MemFree:         2875100 kB
MemAvailable:    6760124 kB
Buffers:          222988 kB
Cached:          3492660 kB
SwapCached:        71860 kB
Active:          1085828 kB
Inactive:        2947936 kB
Active(anon):     384924 kB
Inactive(anon):    46800 kB
Active(file):     700904 kB
Inactive(file):  2901136 kB
Unevictable:      112012 kB
Mlocked:              80 kB
SwapTotal:       4194300 kB
SwapFree:        3605972 kB
Zswap:                 0 kB
Zswapped:              0 kB
Dirty:                16 kB
Writeback:            44 kB
AnonPages:        419804 kB
Mapped:           143212 kB
Shmem:            113600 kB
KReclaimable:     591420 kB
Slab:             771092 kB
SReclaimable:     591420 kB
SUnreclaim:       179672 kB
KernelStack:        9584 kB
PageTables:        22128 kB
SecPageTables:         0 kB
NFS_Unstable:          0 kB
Bounce:                0 kB
WritebackTmp:          0 kB
CommitLimit:     8216048 kB
Committed_AS:    5372120 kB
VmallocTotal:   34359738367 kB
VmallocUsed:      107456 kB
VmallocChunk:          0 kB
Percpu:             3712 kB
HardwareCorrupted:     0 kB
AnonHugePages:         0 kB
ShmemHugePages:        0 kB
ShmemPmdMapped:        0 kB
FileHugePages:         0 kB
FilePmdMapped:         0 kB
Unaccepted:            0 kB
HugePages_Total:       0
HugePages_Free:        0
HugePages_Rsvd:        0
HugePages_Surp:        0
Hugepagesize:       2048 kB
Hugetlb:               0 kB
DirectMap4k:      502400 kB
DirectMap2M:     5701632 kB
DirectMap1G:     2097152 kB
