MemTotal:        8043496 kB
MemFree:         3825844 kB
MemAvailable:    5958716 kB
Buffers:          109128 kB
Cached:          1960748 kB
SwapCached:        78396 kB
Active:          1251180 kB
Inactive:        2018756 kB
Active(anon):     720228 kB
Inactive(anon):   579584 kB
Active(file):     530952 kB
Inactive(file):  1439172 kB
Unevictable:       40748 kB
Mlocked:              80 kB
SwapTotal:       4194300 kB
SwapFree:        3626708 kB
Zswap:                 0 kB
Zswapped:              0 kB
Dirty:                36 kB
Writeback:            44 kB
AnonPages:       1229296 kB
Mapped:           162312 kB
Shmem:             99752 kB
KReclaimable:     471184 kB
Slab:             644736 kB
SReclaimable:     471184 kB
SUnreclaim:       173552 kB
KernelStack:        9568 kB
PageTables:        23948 kB
SecPageTables:         0 kB
NFS_Unstable:          0 kB
Bounce:                0 kB
WritebackTmp:          0 kB
CommitLimit:     8216048 kB
Committed_AS:    6281728 kB
VmallocTotal:   34359738367 kB
VmallocUsed:      107440 kB
VmallocChunk:          0 kB
Percpu:             4048 kB
HardwareCorrupted:     0 kB
AnonHugePages:         0 kB
ShmemHugePages:        0 kB
ShmemPmdMapped:        0 kB
FileHugePages:         0 kB
FilePmdMapped:         0 kB
Unaccepted:            0 kB
HugePages_Total:       0
HugePages_Free:        0
HugePages_Rsvd:        0
HugePages_Surp:        0
Hugepagesize:       2048 kB
Hugetlb:               0 kB
DirectMap4k:      604800 kB
DirectMap2M:     5599232 kB
DirectMap1G:     2097152 kB
