MemTotal:        8043496 kB
MemFree:         3068708 kB
MemAvailable:    6208552 kB
Buffers:          113420 kB
Cached:          2937312 kB
SwapCached:        78404 kB
Active:          1058296 kB
Inactive:        2995644 kB
Active(anon):     526284 kB
Inactive(anon):   576676 kB
Active(file):     532012 kB
Inactive(file):  2418968 kB
Unevictable:       40748 kB
Mlocked:              80 kB
SwapTotal:       4194300 kB
SwapFree:        3626708 kB
Zswap:                 0 kB
Zswapped:              0 kB
Dirty:               116 kB
Writeback:             0 kB
AnonPages:       1032440 kB
Mapped:           162416 kB
Shmem:             99752 kB
KReclaimable:     497300 kB
Slab:             671040 kB
SReclaimable:     497300 kB
SUnreclaim:       173740 kB
KernelStack:        9616 kB
PageTables:        23992 kB
SecPageTables:         0 kB
NFS_Unstable:          0 kB
Bounce:                0 kB
WritebackTmp:          0 kB
CommitLimit:     8216048 kB
Committed_AS:    6284952 kB
VmallocTotal:   34359738367 kB
VmallocUsed:      107472 kB
VmallocChunk:          0 kB
Percpu:             4048 kB
HardwareCorrupted:     0 kB
AnonHugePages:         0 kB
ShmemHugePages:        0 kB
ShmemPmdMapped:        0 kB
FileHugePages:         0 kB
FilePmdMapped:         0 kB
Unaccepted:            0 kB
HugePages_Total:       0
HugePages_Free:        0
HugePages_Rsvd:        0
HugePages_Surp:        0
Hugepagesize:       2048 kB
Hugetlb:               0 kB
DirectMap4k:      604800 kB
DirectMap2M:     5599232 kB
DirectMap1G:     2097152 kB
