MemTotal:        8043488 kB
MemFree:         5459848 kB
MemAvailable:    7470136 kB
Buffers:           89844 kB
Cached:          2114196 kB
SwapCached:            0 kB
Active:           867900 kB
Inactive:        1423616 kB
Active(anon):     103048 kB
Inactive(anon):        0 kB
Active(file):     764852 kB
Inactive(file):  1423616 kB
Unevictable:       27624 kB
Mlocked:           27508 kB
SwapTotal:       4194300 kB
SwapFree:        4194300 kB
Zswap:                 0 kB
Zswapped:              0 kB
Dirty:               192 kB
Writeback:             0 kB
AnonPages:        115120 kB
Mapped:           106132 kB
Shmem:              6812 kB
KReclaimable:      91336 kB
Slab:             168476 kB
SReclaimable:      91336 kB
SUnreclaim:        77140 kB
KernelStack:        2976 kB
PageTables:         4972 kB
SecPageTables:         0 kB
NFS_Unstable:          0 kB
Bounce:                0 kB
WritebackTmp:          0 kB
CommitLimit:     8216044 kB
Committed_AS:     807600 kB
VmallocTotal:   34359738367 kB
VmallocUsed:       32756 kB
VmallocChunk:          0 kB
Percpu:             2944 kB
HardwareCorrupted:     0 kB
AnonHugePages:         0 kB
ShmemHugePages:        0 kB
ShmemPmdMapped:        0 kB
FileHugePages:         0 kB
FilePmdMapped:         0 kB
Unaccepted:            0 kB
HugePages_Total:       0
HugePages_Free:        0
HugePages_Rsvd:        0
HugePages_Surp:        0
Hugepagesize:       2048 kB
Hugetlb:               0 kB
DirectMap4k:      131712 kB
DirectMap2M:     3975168 kB
DirectMap1G:     4194304 kB
