MemTotal:        8043492 kB
MemFree:         6111156 kB
MemAvailable:    7420788 kB
Buffers:          114444 kB
Cached:          1370272 kB
SwapCached:            0 kB
Active:           903940 kB
Inactive:         670652 kB
Active(anon):     105504 kB
Inactive(anon):        0 kB
Active(file):     798436 kB
Inactive(file):   670652 kB
Unevictable:       27624 kB
Mlocked:           27508 kB
SwapTotal:       4194300 kB
SwapFree:        4194300 kB
Zswap:                 0 kB
Zswapped:              0 kB
Dirty:                 4 kB
Writeback:             0 kB
AnonPages:        117512 kB
Mapped:           107244 kB
Shmem:              6876 kB
KReclaimable:     128780 kB
Slab:             209112 kB
SReclaimable:     128780 kB
SUnreclaim:        80332 kB
KernelStack:        2944 kB
PageTables:         5200 kB
SecPageTables:         0 kB
NFS_Unstable:          0 kB
Bounce:                0 kB
WritebackTmp:          0 kB
CommitLimit:     8216044 kB
Committed_AS:     919640 kB
VmallocTotal:   34359738367 kB
VmallocUsed:       33784 kB
VmallocChunk:          0 kB
Percpu:             3504 kB
HardwareCorrupted:     0 kB
AnonHugePages:         0 kB
ShmemHugePages:        0 kB
ShmemPmdMapped:        0 kB
FileHugePages:         0 kB
FilePmdMapped:         0 kB
Unaccepted:            0 kB
HugePages_Total:       0
HugePages_Free:        0
HugePages_Rsvd:        0
HugePages_Surp:        0
Hugepagesize:       2048 kB
Hugetlb:               0 kB
DirectMap4k:      168576 kB
DirectMap2M:     4986880 kB
DirectMap1G:     3145728 kB
