MemTotal:        8043488 kB
MemFree:         5226088 kB
MemAvailable:    7429448 kB
Buffers:           63344 kB
Cached:          2325232 kB
SwapCached:         2320 kB
Active:           131136 kB
Inactive:        2356340 kB
Active(anon):      52580 kB
Inactive(anon):    61100 kB
Active(file):      78556 kB
Inactive(file):  2295240 kB
Unevictable:       27624 kB
Mlocked:           27508 kB
SwapTotal:       4194300 kB
SwapFree:        4188668 kB
Zswap:                 0 kB
Zswapped:              0 kB
Dirty:               212 kB
Writeback:             0 kB
AnonPages:        125108 kB
Mapped:           100684 kB
Shmem:              6020 kB
KReclaimable:     106820 kB
Slab:             185076 kB
SReclaimable:     106820 kB
SUnreclaim:        78256 kB
KernelStack:        3008 kB
PageTables:         5336 kB
SecPageTables:         0 kB
NFS_Unstable:          0 kB
Bounce:                0 kB
WritebackTmp:          0 kB
CommitLimit:     8216044 kB
Committed_AS:     919860 kB
VmallocTotal:   34359738367 kB
VmallocUsed:       32836 kB
VmallocChunk:          0 kB
Percpu:             2944 kB
HardwareCorrupted:     0 kB
AnonHugePages:         0 kB
ShmemHugePages:        0 kB
ShmemPmdMapped:        0 kB
FileHugePages:         0 kB
FilePmdMapped:         0 kB
Unaccepted:            0 kB
HugePages_Total:       0
HugePages_Free:        0
HugePages_Rsvd:        0
HugePages_Surp:        0
Hugepagesize:       2048 kB
Hugetlb:               0 kB
DirectMap4k:      131712 kB
DirectMap2M:     3975168 kB
DirectMap1G:     4194304 kB
