MemTotal:        8043496 kB
MemFree:         4774248 kB
MemAvailable:    7507216 kB
Buffers:           11556 kB
Cached:          2910328 kB
SwapCached:         3540 kB
Active:            85916 kB
Inactive:        2873864 kB
Active(anon):      34012 kB
Inactive(anon):    15280 kB
Active(file):      51904 kB
Inactive(file):  2858584 kB
Unevictable:       27560 kB
Mlocked:           27444 kB
SwapTotal:       4194300 kB
SwapFree:        4139004 kB
Zswap:                 0 kB
Zswapped:              0 kB
Dirty:               116 kB
Writeback:             0 kB
AnonPages:         63716 kB
Mapped:            59752 kB
Shmem:              2644 kB
KReclaimable:      92656 kB
Slab:             169500 kB
SReclaimable:      92656 kB
SUnreclaim:        76844 kB
KernelStack:        2960 kB
PageTables:         4980 kB
SecPageTables:         0 kB
NFS_Unstable:          0 kB
Bounce:                0 kB
WritebackTmp:          0 kB
CommitLimit:     8216048 kB
Committed_AS:     786188 kB
VmallocTotal:   34359738367 kB
VmallocUsed:       32708 kB
VmallocChunk:          0 kB
Percpu:             2816 kB
HardwareCorrupted:     0 kB
AnonHugePages:         0 kB
ShmemHugePages:        0 kB
ShmemPmdMapped:        0 kB
FileHugePages:         0 kB
FilePmdMapped:         0 kB
Unaccepted:            0 kB
HugePages_Total:       0
HugePages_Free:        0
HugePages_Rsvd:        0
HugePages_Surp:        0
Hugepagesize:       2048 kB
Hugetlb:               0 kB
DirectMap4k:      156288 kB
DirectMap2M:     4999168 kB
DirectMap1G:     3145728 kB
