MemTotal:        8043492 kB
MemFree:         4558852 kB
MemAvailable:    6360008 kB
Buffers:           64684 kB
Cached:          2126408 kB
SwapCached:            0 kB
Active:          2108420 kB
Inactive:         497768 kB
Active(anon):     615308 kB
Inactive(anon):        0 kB
Active(file):    1493112 kB
Inactive(file):   497768 kB
Unevictable:      193024 kB
Mlocked:               0 kB
SwapTotal:       4194300 kB
SwapFree:        4194300 kB
Zswap:                 0 kB
Zswapped:              0 kB
Dirty:                 0 kB
Writeback:            28 kB
AnonPages:        608128 kB
Mapped:           407380 kB
Shmem:            200212 kB
KReclaimable:      68228 kB
Slab:             205256 kB
SReclaimable:      68228 kB
SUnreclaim:       137028 kB
KernelStack:        9344 kB
PageTables:        20596 kB
SecPageTables:         0 kB
NFS_Unstable:          0 kB
Bounce:                0 kB
WritebackTmp:          0 kB
CommitLimit:     8216044 kB
Committed_AS:    4735116 kB
VmallocTotal:   34359738367 kB
VmallocUsed:      106980 kB
VmallocChunk:          0 kB
Percpu:             3632 kB
HardwareCorrupted:     0 kB
AnonHugePages:         0 kB
ShmemHugePages:        0 kB
ShmemPmdMapped:        0 kB
FileHugePages:         0 kB
FilePmdMapped:         0 kB
Unaccepted:            0 kB
HugePages_Total:       0
HugePages_Free:        0
HugePages_Rsvd:        0
HugePages_Surp:        0
Hugepagesize:       2048 kB
Hugetlb:               0 kB
DirectMap4k:      344704 kB
DirectMap2M:     3762176 kB
DirectMap1G:     4194304 kB
