MemTotal:        8043488 kB
MemFree:         1862516 kB
MemAvailable:    6769288 kB
Buffers:           79464 kB
Cached:          4876028 kB
SwapCached:            0 kB
Active:          1252080 kB
Inactive:        4432952 kB
Active(anon):     745056 kB
Inactive(anon):      116 kB
Active(file):     507024 kB
Inactive(file):  4432836 kB
Unevictable:       27624 kB
Mlocked:           27508 kB
SwapTotal:       4194300 kB
SwapFree:        4194300 kB
Zswap:                 0 kB
Zswapped:              0 kB
Dirty:               404 kB
Writeback:           232 kB
AnonPages:        757164 kB
Mapped:           106888 kB
Shmem:              6880 kB
KReclaimable:     275360 kB
Slab:             373592 kB
SReclaimable:     275360 kB
SUnreclaim:        98232 kB
KernelStack:        3040 kB
PageTables:         6420 kB
SecPageTables:         0 kB
NFS_Unstable:          0 kB
Bounce:                0 kB
WritebackTmp:          0 kB
CommitLimit:     8216044 kB
Committed_AS:    1509508 kB
VmallocTotal:   34359738367 kB
VmallocUsed:       32852 kB
VmallocChunk:          0 kB
Percpu:             3184 kB
HardwareCorrupted:     0 kB
AnonHugePages:         0 kB
ShmemHugePages:        0 kB
ShmemPmdMapped:        0 kB
FileHugePages:         0 kB
FilePmdMapped:         0 kB
Unaccepted:            0 kB
HugePages_Total:       0
HugePages_Free:        0
HugePages_Rsvd:        0
HugePages_Surp:        0
Hugepagesize:       2048 kB
Hugetlb:               0 kB
DirectMap4k:      162432 kB
DirectMap2M:     3944448 kB
DirectMap1G:     4194304 kB
