MemTotal:        8043496 kB
MemFree:         4939288 kB
MemAvailable:    7517828 kB
Buffers:           12268 kB
Cached:          2756532 kB
SwapCached:         3540 kB
Active:            86124 kB
Inactive:        2720652 kB
Active(anon):      34104 kB
Inactive(anon):    15276 kB
Active(file):      52020 kB
Inactive(file):  2705376 kB
Unevictable:       27560 kB
Mlocked:           27444 kB
SwapTotal:       4194300 kB
SwapFree:        4139004 kB
Zswap:                 0 kB
Zswapped:              0 kB
Dirty:               104 kB
Writeback:             0 kB
AnonPages:         63900 kB
Mapped:            59788 kB
Shmem:              2644 kB
KReclaimable:      89980 kB
Slab:             166312 kB
SReclaimable:      89980 kB
SUnreclaim:        76332 kB
KernelStack:        2912 kB
PageTables:         4896 kB
SecPageTables:         0 kB
NFS_Unstable:          0 kB
Bounce:                0 kB
WritebackTmp:          0 kB
CommitLimit:     8216048 kB
Committed_AS:     786292 kB
VmallocTotal:   34359738367 kB
VmallocUsed:       32692 kB
VmallocChunk:          0 kB
Percpu:             2816 kB
HardwareCorrupted:     0 kB
AnonHugePages:         0 kB
ShmemHugePages:        0 kB
ShmemPmdMapped:        0 kB
FileHugePages:         0 kB
FilePmdMapped:         0 kB
Unaccepted:            0 kB
HugePages_Total:       0
HugePages_Free:        0
HugePages_Rsvd:        0
HugePages_Surp:        0
Hugepagesize:       2048 kB
Hugetlb:               0 kB
DirectMap4k:      156288 kB
DirectMap2M:     4999168 kB
DirectMap1G:     3145728 kB
