MemTotal:        8043496 kB
MemFree:         3731848 kB
MemAvailable:    5546412 kB
Buffers:          130444 kB
Cached:          1682800 kB
SwapCached:       102412 kB
Active:          1768512 kB
Inactive:        1554844 kB
Active(anon):    1167072 kB
Inactive(anon):   505052 kB
Active(file):     601440 kB
Inactive(file):  1049792 kB
Unevictable:      102608 kB
Mlocked:              80 kB
SwapTotal:       4194300 kB
SwapFree:        3654868 kB
Zswap:                 0 kB
Zswapped:              0 kB
Dirty:               152 kB
Writeback:             0 kB
AnonPages:       1595060 kB
Mapped:           260376 kB
Shmem:            162004 kB
KReclaimable:     471768 kB
Slab:             645780 kB
SReclaimable:     471768 kB
SUnreclaim:       174012 kB
KernelStack:       10176 kB
PageTables:        26636 kB
SecPageTables:         0 kB
NFS_Unstable:          0 kB
Bounce:                0 kB
WritebackTmp:          0 kB
CommitLimit:     8216048 kB
Committed_AS:    7112288 kB
VmallocTotal:   34359738367 kB
VmallocUsed:      108064 kB
VmallocChunk:          0 kB
Percpu:             4192 kB
HardwareCorrupted:     0 kB
AnonHugePages:         0 kB
ShmemHugePages:        0 kB
ShmemPmdMapped:        0 kB
FileHugePages:         0 kB
FilePmdMapped:         0 kB
Unaccepted:            0 kB
HugePages_Total:       0
HugePages_Free:        0
HugePages_Rsvd:        0
HugePages_Surp:        0
Hugepagesize:       2048 kB
Hugetlb:               0 kB
DirectMap4k:      619136 kB
DirectMap2M:     5584896 kB
DirectMap1G:     2097152 kB
