MemTotal:        8043500 kB
MemFree:         3089960 kB
MemAvailable:    5982776 kB
Buffers:          228116 kB
Cached:          2809364 kB
SwapCached:            0 kB
Active:          2686640 kB
Inactive:        1314580 kB
Active(anon):    1175132 kB
Inactive(anon):        0 kB
Active(file):    1511508 kB
Inactive(file):  1314580 kB
Unevictable:      204204 kB
Mlocked:              80 kB
SwapTotal:       4194300 kB
SwapFree:        4194300 kB
Zswap:                 0 kB
Zswapped:              0 kB
Dirty:                76 kB
Writeback:             0 kB
AnonPages:       1167944 kB
Mapped:           416200 kB
Shmem:            211392 kB
KReclaimable:     375164 kB
Slab:             531264 kB
SReclaimable:     375164 kB
SUnreclaim:       156100 kB
KernelStack:        9568 kB
PageTables:        21980 kB
SecPageTables:         0 kB
NFS_Unstable:          0 kB
Bounce:                0 kB
WritebackTmp:          0 kB
CommitLimit:     8216048 kB
Committed_AS:    5319124 kB
VmallocTotal:   34359738367 kB
VmallocUsed:      107288 kB
VmallocChunk:          0 kB
Percpu:             3952 kB
HardwareCorrupted:     0 kB
AnonHugePages:         0 kB
ShmemHugePages:        0 kB
ShmemPmdMapped:        0 kB
FileHugePages:         0 kB
FilePmdMapped:         0 kB
Unaccepted:            0 kB
HugePages_Total:       0
HugePages_Free:        0
HugePages_Rsvd:        0
HugePages_Surp:        0
Hugepagesize:       2048 kB
Hugetlb:               0 kB
DirectMap4k:      410240 kB
DirectMap2M:     7890944 kB
DirectMap1G:           0 kB
