MemTotal:        8043496 kB
MemFree:         4697100 kB
MemAvailable:    7442544 kB
Buffers:           72872 kB
Cached:          2856932 kB
SwapCached:            0 kB
Active:           638496 kB
Inactive:        2370208 kB
Active(anon):      94460 kB
Inactive(anon):        0 kB
Active(file):     544036 kB
Inactive(file):  2370208 kB
Unevictable:       27560 kB
Mlocked:           27444 kB
SwapTotal:       4194300 kB
SwapFree:        4194300 kB
Zswap:                 0 kB
Zswapped:              0 kB
Dirty:                16 kB
Writeback:            12 kB
AnonPages:        106504 kB
Mapped:           104596 kB
Shmem:              6808 kB
KReclaimable:     110092 kB
Slab:             189084 kB
SReclaimable:     110092 kB
SUnreclaim:        78992 kB
KernelStack:        2912 kB
PageTables:         4952 kB
SecPageTables:         0 kB
NFS_Unstable:          0 kB
Bounce:                0 kB
WritebackTmp:          0 kB
CommitLimit:     8216048 kB
Committed_AS:     780324 kB
VmallocTotal:   34359738367 kB
VmallocUsed:       32540 kB
VmallocChunk:          0 kB
Percpu:             2768 kB
HardwareCorrupted:     0 kB
AnonHugePages:         0 kB
ShmemHugePages:        0 kB
ShmemPmdMapped:        0 kB
FileHugePages:         0 kB
FilePmdMapped:         0 kB
Unaccepted:            0 kB
HugePages_Total:       0
HugePages_Free:        0
HugePages_Rsvd:        0
HugePages_Surp:        0
Hugepagesize:       2048 kB
Hugetlb:               0 kB
DirectMap4k:      137856 kB
DirectMap2M:     3969024 kB
DirectMap1G:     4194304 kB
