MemTotal:        8043488 kB
MemFree:         4351252 kB
MemAvailable:    7432828 kB
Buffers:           44832 kB
Cached:          3226984 kB
SwapCached:         2184 kB
Active:           121172 kB
Inactive:        3242120 kB
Active(anon):      45012 kB
Inactive(anon):    61228 kB
Active(file):      76160 kB
Inactive(file):  3180892 kB
Unevictable:       27624 kB
Mlocked:           27508 kB
SwapTotal:       4194300 kB
SwapFree:        4188668 kB
Zswap:                 0 kB
Zswapped:              0 kB
Dirty:               132 kB
Writeback:            12 kB
AnonPages:        117644 kB
Mapped:            98856 kB
Shmem:              6012 kB
KReclaimable:      96744 kB
Slab:             175612 kB
SReclaimable:      96744 kB
SUnreclaim:        78868 kB
KernelStack:        2944 kB
PageTables:         5264 kB
SecPageTables:         0 kB
NFS_Unstable:          0 kB
Bounce:                0 kB
WritebackTmp:          0 kB
CommitLimit:     8216044 kB
Committed_AS:     909628 kB
VmallocTotal:   34359738367 kB
VmallocUsed:       32724 kB
VmallocChunk:          0 kB
Percpu:             2944 kB
HardwareCorrupted:     0 kB
AnonHugePages:         0 kB
ShmemHugePages:        0 kB
ShmemPmdMapped:        0 kB
FileHugePages:         0 kB
FilePmdMapped:         0 kB
Unaccepted:            0 kB
HugePages_Total:       0
HugePages_Free:        0
HugePages_Rsvd:        0
HugePages_Surp:        0
Hugepagesize:       2048 kB
Hugetlb:               0 kB
DirectMap4k:      131712 kB
DirectMap2M:     3975168 kB
DirectMap1G:     4194304 kB
