MemTotal:        8043488 kB
MemFree:         6690932 kB
MemAvailable:    7445064 kB
Buffers:           18844 kB
Cached:           936636 kB
SwapCached:         2116 kB
Active:            76644 kB
Inactive:         964128 kB
Active(anon):      29056 kB
Inactive(anon):    71000 kB
Active(file):      47588 kB
Inactive(file):   893128 kB
Unevictable:       27624 kB
Mlocked:           27508 kB
SwapTotal:       4194300 kB
SwapFree:        4188412 kB
Zswap:                 0 kB
Zswapped:              0 kB
Dirty:               200 kB
Writeback:             0 kB
AnonPages:        111284 kB
Mapped:            95088 kB
Shmem:              6004 kB
KReclaimable:      74524 kB
Slab:             150136 kB
SReclaimable:      74524 kB
SUnreclaim:        75612 kB
KernelStack:        2976 kB
PageTables:         4968 kB
SecPageTables:         0 kB
NFS_Unstable:          0 kB
Bounce:                0 kB
WritebackTmp:          0 kB
CommitLimit:     8216044 kB
Committed_AS:     806552 kB
VmallocTotal:   34359738367 kB
VmallocUsed:       32756 kB
VmallocChunk:          0 kB
Percpu:             2944 kB
HardwareCorrupted:     0 kB
AnonHugePages:         0 kB
ShmemHugePages:        0 kB
ShmemPmdMapped:        0 kB
FileHugePages:         0 kB
FilePmdMapped:         0 kB
Unaccepted:            0 kB
HugePages_Total:       0
HugePages_Free:        0
HugePages_Rsvd:        0
HugePages_Surp:        0
Hugepagesize:       2048 kB
Hugetlb:               0 kB
DirectMap4k:      131712 kB
DirectMap2M:     3975168 kB
DirectMap1G:     4194304 kB
