MemTotal:        8043488 kB
MemFree:         6734984 kB
MemAvailable:    7485784 kB
Buffers:           22792 kB
Cached:           931872 kB
SwapCached:         6504 kB
Active:           160536 kB
Inactive:         867960 kB
Active(anon):      62892 kB
Inactive(anon):    24916 kB
Active(file):      97644 kB
Inactive(file):   843044 kB
Unevictable:       27624 kB
Mlocked:           27508 kB
SwapTotal:       4194300 kB
SwapFree:        4157948 kB
Zswap:                 0 kB
Zswapped:              0 kB
Dirty:               132 kB
Writeback:             0 kB
AnonPages:         95904 kB
Mapped:            89900 kB
Shmem:              5216 kB
KReclaimable:      67916 kB
Slab:             144508 kB
SReclaimable:      67916 kB
SUnreclaim:        76592 kB
KernelStack:        3024 kB
PageTables:         5416 kB
SecPageTables:         0 kB
NFS_Unstable:          0 kB
Bounce:                0 kB
WritebackTmp:          0 kB
CommitLimit:     8216044 kB
Committed_AS:     918732 kB
VmallocTotal:   34359738367 kB
VmallocUsed:       32852 kB
VmallocChunk:          0 kB
Percpu:             2944 kB
HardwareCorrupted:     0 kB
AnonHugePages:         0 kB
ShmemHugePages:        0 kB
ShmemPmdMapped:        0 kB
FileHugePages:         0 kB
FilePmdMapped:         0 kB
Unaccepted:            0 kB
HugePages_Total:       0
HugePages_Free:        0
HugePages_Rsvd:        0
HugePages_Surp:        0
Hugepagesize:       2048 kB
Hugetlb:               0 kB
DirectMap4k:      131712 kB
DirectMap2M:     3975168 kB
DirectMap1G:     4194304 kB
