MemTotal:        8043492 kB
MemFree:         6741564 kB
MemAvailable:    7463164 kB
Buffers:           56372 kB
Cached:           877524 kB
SwapCached:            0 kB
Active:           696328 kB
Inactive:         324552 kB
Active(anon):     102616 kB
Inactive(anon):        0 kB
Active(file):     593712 kB
Inactive(file):   324552 kB
Unevictable:       27560 kB
Mlocked:           27444 kB
SwapTotal:       4194300 kB
SwapFree:        4194300 kB
Zswap:                 0 kB
Zswapped:              0 kB
Dirty:                12 kB
Writeback:             0 kB
AnonPages:        114484 kB
Mapped:           105572 kB
Shmem:              6880 kB
KReclaimable:      54364 kB
Slab:             129536 kB
SReclaimable:      54364 kB
SUnreclaim:        75172 kB
KernelStack:        3008 kB
PageTables:         5172 kB
SecPageTables:         0 kB
NFS_Unstable:          0 kB
Bounce:                0 kB
WritebackTmp:          0 kB
CommitLimit:     8216044 kB
Committed_AS:     791704 kB
VmallocTotal:   34359738367 kB
VmallocUsed:       32804 kB
VmallocChunk:          0 kB
Percpu:             2880 kB
HardwareCorrupted:     0 kB
AnonHugePages:         0 kB
ShmemHugePages:        0 kB
ShmemPmdMapped:        0 kB
FileHugePages:         0 kB
FilePmdMapped:         0 kB
Unaccepted:            0 kB
HugePages_Total:       0
HugePages_Free:        0
HugePages_Rsvd:        0
HugePages_Surp:        0
Hugepagesize:       2048 kB
Hugetlb:               0 kB
DirectMap4k:      168576 kB
DirectMap2M:     4986880 kB
DirectMap1G:     3145728 kB
