MemTotal:        8043480 kB
MemFree:         3619340 kB
MemAvailable:    6519280 kB
Buffers:           70224 kB
Cached:          3175208 kB
SwapCached:          116 kB
Active:          1701596 kB
Inactive:        2207260 kB
Active(anon):     858552 kB
Inactive(anon):      800 kB
Active(file):     843044 kB
Inactive(file):  2206460 kB
Unevictable:       29652 kB
Mlocked:              80 kB
SwapTotal:       4194300 kB
SwapFree:        4193788 kB
Zswap:                 0 kB
Zswapped:              0 kB
Dirty:               128 kB
Writeback:             0 kB
AnonPages:        692968 kB
Mapped:           415180 kB
Shmem:            195928 kB
KReclaimable:     148968 kB
Slab:             295392 kB
SReclaimable:     148968 kB
SUnreclaim:       146424 kB
KernelStack:        9616 kB
PageTables:        21284 kB
SecPageTables:         0 kB
NFS_Unstable:          0 kB
Bounce:                0 kB
WritebackTmp:          0 kB
CommitLimit:     8216040 kB
Committed_AS:    4858840 kB
VmallocTotal:   34359738367 kB
VmallocUsed:      107336 kB
VmallocChunk:          0 kB
Percpu:             3856 kB
HardwareCorrupted:     0 kB
AnonHugePages:         0 kB
ShmemHugePages:        0 kB
ShmemPmdMapped:        0 kB
FileHugePages:         0 kB
FilePmdMapped:         0 kB
Unaccepted:            0 kB
HugePages_Total:       0
HugePages_Free:        0
HugePages_Rsvd:        0
HugePages_Surp:        0
Hugepagesize:       2048 kB
Hugetlb:               0 kB
DirectMap4k:      367232 kB
DirectMap2M:     4788224 kB
DirectMap1G:     3145728 kB
