MemTotal:        8043496 kB
MemFree:         2461680 kB
MemAvailable:    5819688 kB
Buffers:           89816 kB
Cached:          3189024 kB
SwapCached:        78180 kB
Active:          1378928 kB
Inactive:        3287392 kB
Active(anon):     908860 kB
Inactive(anon):   594720 kB
Active(file):     470068 kB
Inactive(file):  2692672 kB
Unevictable:       57084 kB
Mlocked:              80 kB
SwapTotal:       4194300 kB
SwapFree:        3625684 kB
Zswap:                 0 kB
Zswapped:              0 kB
Dirty:                40 kB
Writeback:            88 kB
AnonPages:       1433080 kB
Mapped:           161700 kB
Shmem:            116092 kB
KReclaimable:     503704 kB
Slab:             677412 kB
SReclaimable:     503704 kB
SUnreclaim:       173708 kB
KernelStack:        9584 kB
PageTables:        23980 kB
SecPageTables:         0 kB
NFS_Unstable:          0 kB
Bounce:                0 kB
WritebackTmp:          0 kB
CommitLimit:     8216048 kB
Committed_AS:    6298928 kB
VmallocTotal:   34359738367 kB
VmallocUsed:      107456 kB
VmallocChunk:          0 kB
Percpu:             4048 kB
HardwareCorrupted:     0 kB
AnonHugePages:         0 kB
ShmemHugePages:        0 kB
ShmemPmdMapped:        0 kB
FileHugePages:         0 kB
FilePmdMapped:         0 kB
Unaccepted:            0 kB
HugePages_Total:       0
HugePages_Free:        0
HugePages_Rsvd:        0
HugePages_Surp:        0
Hugepagesize:       2048 kB
Hugetlb:               0 kB
DirectMap4k:      588416 kB
DirectMap2M:     5615616 kB
DirectMap1G:     2097152 kB
