MemTotal:        8043488 kB
MemFree:          237508 kB
MemAvailable:    6763408 kB
Buffers:           78776 kB
Cached:          6455244 kB
SwapCached:            0 kB
Active:          1257448 kB
Inactive:        6013288 kB
Active(anon):     752232 kB
Inactive(anon):      124 kB
Active(file):     505216 kB
Inactive(file):  6013164 kB
Unevictable:       27624 kB
Mlocked:           27508 kB
SwapTotal:       4194300 kB
SwapFree:        4194300 kB
Zswap:                 0 kB
Zswapped:              0 kB
Dirty:               112 kB
Writeback:             0 kB
AnonPages:        764340 kB
Mapped:           108004 kB
Shmem:              6888 kB
KReclaimable:     315968 kB
Slab:             417712 kB
SReclaimable:     315968 kB
SUnreclaim:       101744 kB
KernelStack:        3072 kB
PageTables:         6676 kB
SecPageTables:         0 kB
NFS_Unstable:          0 kB
Bounce:                0 kB
WritebackTmp:          0 kB
CommitLimit:     8216044 kB
Committed_AS:    1519996 kB
VmallocTotal:   34359738367 kB
VmallocUsed:       32932 kB
VmallocChunk:          0 kB
Percpu:             3184 kB
HardwareCorrupted:     0 kB
AnonHugePages:         0 kB
ShmemHugePages:        0 kB
ShmemPmdMapped:        0 kB
FileHugePages:         0 kB
FilePmdMapped:         0 kB
Unaccepted:            0 kB
HugePages_Total:       0
HugePages_Free:        0
HugePages_Rsvd:        0
HugePages_Surp:        0
Hugepagesize:       2048 kB
Hugetlb:               0 kB
DirectMap4k:      162432 kB
DirectMap2M:     3944448 kB
DirectMap1G:     4194304 kB
